
> dessert-bowl@0.0.0 test
> vitest --run src/components/__tests__/CartModal.test.jsx


[1m[46m RUN [49m[22m [36mv4.0.16 [39m[90mD:/SR/projects/Dessert Bowl[39m

 [31mΓ¥»[39m src/components/__tests__/CartModal.test.jsx [2m([22m[2m32 tests[22m[2m | [22m[31m10 failed[39m[2m)[22m[33m 8358[2mms[22m[39m
       [32mΓ£ô[39m should not render when cart is closed[32m 16[2mms[22m[39m
       [32mΓ£ô[39m should render when cart is open[32m 55[2mms[22m[39m
       [32mΓ£ô[39m should show empty cart message when no items[32m 17[2mms[22m[39m
[31m       [31m├ù[31m should display cart items correctly[39m[32m 81[2mms[22m[39m
       [32mΓ£ô[39m should show combo discount when applicable[32m 31[2mms[22m[39m
       [32mΓ£ô[39m should display combo qualification hint[32m 21[2mms[22m[39m
       [32mΓ£ô[39m should show upsell tip when available[32m 36[2mms[22m[39m
       [32mΓ£ô[39m should call updateQuantity when + button clicked[32m 32[2mms[22m[39m
       [32mΓ£ô[39m should call updateQuantity when - button clicked[32m 21[2mms[22m[39m
[31m       [31m├ù[31m should call removeFromCart when trash button clicked[39m[32m 198[2mms[22m[39m
       [32mΓ£ô[39m should display item quantities correctly[32m 34[2mms[22m[39m
       [32mΓ£ô[39m should calculate item totals correctly[32m 21[2mms[22m[39m
       [32mΓ£ô[39m should navigate to customer info when checkout clicked[32m 29[2mms[22m[39m
       [32mΓ£ô[39m should validate phone number[32m 38[2mms[22m[39m
       [32mΓ£ô[39m should validate name[32m 36[2mms[22m[39m
       [32mΓ£ô[39m should lookup customer on phone blur[32m 38[2mms[22m[39m
       [32mΓ£ô[39m should display customer loyalty info when found[32m 36[2mms[22m[39m
       [32mΓ£ô[39m should allow reward selection[32m 43[2mms[22m[39m
       [32mΓ£ô[39m should show rate limit error[32m 35[2mms[22m[39m
       [32mΓ£ô[39m should navigate back to cart from customer info[32m 39[2mms[22m[39m
       [32mΓ£ô[39m should calculate GST correctly[32m 51[2mms[22m[39m
[31m       [31m├ù[31m should generate correct QR code URL[39m[33m 1041[2mms[22m[39m
[31m       [31m├ù[31m should handle loyalty discount in total[39m[33m 1102[2mms[22m[39m
[31m       [31m├ù[31m should create order with correct data[39m[33m 1044[2mms[22m[39m
[31m       [31m├ù[31m should award loyalty points after order[39m[33m 1045[2mms[22m[39m
[31m       [31m├ù[31m should clear cart after successful order[39m[33m 1058[2mms[22m[39m
[31m       [31m├ù[31m should show success message[39m[33m 1083[2mms[22m[39m
[31m       [31m├ù[31m should handle order creation failure[39m[33m 1042[2mms[22m[39m
       [32mΓ£ô[39m should include all order details in receipt HTML[32m 1[2mms[22m[39m
       [32mΓ£ô[39m should handle empty cart checkout attempt[32m 6[2mms[22m[39m
       [32mΓ£ô[39m should close modal when close handler called[32m 20[2mms[22m[39m
[31m       [31m├ù[31m should handle missing customer data gracefully[39m[32m 5[2mms[22m[39m
node.exe : 
At line:1 char:1
+ & "C:\Program Files\nodejs/node.exe" "C:\Program 
Files\nodejs/node_mo ...
+ ~~~~~~~~~~~~~~~~~~~~~~~~~~~~~~~~~~~~~~~~~~~~~~~~~~~~~
~~~~~~~~~~~~~~~~
    + CategoryInfo          : NotSpecified: (:String)  
   [], RemoteException
    + FullyQualifiedErrorId : NativeCommandError
 
[31mΓÄ»ΓÄ»ΓÄ»ΓÄ»ΓÄ»ΓÄ»[39m[1m[41m Failed Tests 10 
[49m[22m[31mΓÄ»ΓÄ»ΓÄ»ΓÄ»ΓÄ»ΓÄ»ΓÄ»[39m

[41m[1m FAIL [22m[49m 
src/components/__tests__/CartModal.test.jsx[2m > 
[22mCartModal[2m > [22mRendering[2m > [22mshould 
display cart items correctly
[31m[1mTestingLibraryElementError[22m[39m: Found 
multiple elements with the text: Γé╣129

Here are the matching elements:

Ignored nodes: comments, script, style
[36m<span[39m
  [33mstyle[39m=[32m"color: var(--primary-dark); 
font-size: 1.5rem; font-weight: 700;"[39m
[36m>[39m
  [0mΓé╣[0m
  [0m129[0m
[36m</span>[39m

Ignored nodes: comments, script, style
[36m<span[39m
  [33mstyle[39m=[32m"color: var(--primary-dark); 
font-size: 1.5rem; font-weight: 700;"[39m
[36m>[39m
  [0mΓé╣[0m
  [0m129[0m
[36m</span>[39m

(If this is intentional, then use the `*AllBy*` 
variant of the query (like `queryAllByText`, 
`getAllByText`, or `findAllByText`)).

Ignored nodes: comments, script, style
[36m<body>[39m
  [36m<div>[39m
    [36m<div[39m
      [33mstyle[39m=[32m"position: fixed; top: 0px; 
left: 0px; right: 0px; bottom: 0px; background: 
rgba(0, 0, 0, 0.5); z-index: 1000; display: flex; 
align-items: flex-end;"[39m
    [36m>[39m
      [36m<div[39m
        [33mstyle[39m=[32m"background: 
var(--bg-light); width: 100%; max-height: 90vh; 
border-top-left-radius: 24px; border-top-right-radius: 
24px; display: flex; flex-direction: column; 
animation: slideUp 0.3s ease-out;"[39m
      [36m>[39m
        [36m<div[39m
          [33mstyle[39m=[32m"padding: 1.5rem; 
border-bottom: 1px solid rgb(238, 238, 238); display: 
flex; justify-content: space-between; align-items: 
center; background: var(--white); 
border-top-left-radius: 24px; border-top-right-radius: 
24px;"[39m
        [36m>[39m
          [36m<h3>[39m
            [0mYour Cart ≡ƒ¢Æ[0m
          [36m</h3>[39m
          [36m<button>[39m
            [36m<svg[39m
              [33maria-hidden[39m=[32m"true"[39m
              [33mclass[39m=[32m"lucide 
lucide-x"[39m
              [33mfill[39m=[32m"none"[39m
              [33mheight[39m=[32m"24"[39m
              [33mstroke[39m=[32m"currentColor"[39m
              
[33mstroke-linecap[39m=[32m"round"[39m
              
[33mstroke-linejoin[39m=[32m"round"[39m
              [33mstroke-width[39m=[32m"2"[39m
              [33mviewBox[39m=[32m"0 0 24 24"[39m
              [33mwidth[39m=[32m"24"[39m
              
[33mxmlns[39m=[32m"http://www.w3.org/2000/svg"[39m
            [36m>[39m
              [36m<path[39m
                [33md[39m=[32m"M18 6 6 18"[39m
              [36m/>[39m
              [36m<path[39m
                [33md[39m=[32m"m6 6 12 12"[39m
              [36m/>[39m
            [36m</svg>[39m
          [36m</button>[39m
        [36m</div>[39m
        [36m<div[39m
          [33mstyle[39m=[32m"padding: 1.5rem; 
overflow-y: auto; flex: 1 1 0%;"[39m
        [36m>[39m
          [36m<div[39m
            [33mstyle[39m=[32m"display: flex; 
justify-content: space-between; align-items: center; 
background: var(--white); padding: 1rem; 
border-radius: 12px; margin-bottom: 0.8rem; 
box-shadow: 0 2px 4px rgba(0,0,0,0.02);"[39m
          [36m>[39m
            [36m<div[39m
              [33mstyle[39m=[32m"flex: 1 1 0%;"[39m
            [36m>[39m
              [36m<div[39m
                [33mstyle[39m=[32m"font-weight: 
600;"[39m
              [36m>[39m
                [0mBanana Choco Tub[0m
                [36m<span[39m
                  [33mstyle[39m=[32m"font-size: 
0.75rem; background: rgb(226, 232, 240); padding: 2px 
6px; border-radius: 12px; margin-left: 6px; color: 
rgb(71, 85, 105); font-weight: 600;"[39m
                [36m>[39m
                  [0mx[0m
                  [0m2[0m
                [36m</span>[39m
              [36m</div>[39m
              [36m<div[39m
                [33mstyle[39m=[32m"color: 
var(--primary); font-weight: 700;"[39m
              [36m>[39m
                [0mΓé╣[0m
                [0m80[0m
              [36m</div>[39m
            [36m</div>[39m
            [36m<div[39m
              [33mstyle[39m=[32m"display: flex; 
align-items: center; gap: 0.5rem; margin: 0px 1rem; 
background: rgb(241, 245, 249); border-radius: 8px; 
padding: 2px;"[39m
            [36m>[39m
              [36m<button[39m
                [33mstyle[39m=[32m"width: 24px; 
height: 24px; display: flex; align-items: center; 
justify-content: center; border: medium; background: 
white; border-radius: 6px; cursor: pointer; font-size: 
1rem; color: rgb(100, 116, 139); box-shadow: 0 1px 2px 
rgba(0,0,0,0.05);"[39m
              [36m>[39m
                [0m-[0m
              [36m</button>[39m
              [36m<span[39m
                [33mstyle[39m=[32m"font-size: 
0.9rem; font-weight: 600; min-width: 16px; text-align: 
center; color: rgb(30, 41, 59);"[39m
              [36m>[39m
                [0m2[0m
              [36m</span>[39m
              [36m<button[39m
                [33mstyle[39m=[32m"width: 24px; 
height: 24px; display: flex; align-items: center; 
justify-content: center; border: medium; background: 
white; border-radius: 6px; cursor: pointer; font-size: 
1rem; color: rgb(100, 116, 139); box-shadow: 0 1px 2px 
rgba(0,0,0,0.05);"[39m
              [36m>[39m
                [0m+[0m
              [36m</button>[39m
            [36m</div>[39m
            [36m<button[39m
              [33mstyle[39m=[32m"color: rgb(255, 
107, 107); padding: 0.5rem; cursor: pointer; display: 
flex; align-items: center; justify-content: center; 
transition: transform 0.2s; background: transparent; 
border: medium;"[39m
            [36m>[39m
              [36m<svg[39m
                [33maria-hidden[39m=[32m"true"[39m
                [33mclass[39m=[32m"lucide 
lucide-trash2 lucide-trash-2"[39m
                [33mfill[39m=[32m"none"[39m
                [33mheight[39m=[32m"16"[39m
                
[33mstroke[39m=[32m"currentColor"[39m
                
[33mstroke-linecap[39m=[32m"round"[39m
                
[33mstroke-linejoin[39m=[32m"round"[39m
                [33mstroke-width[39m=[32m"2"[39m
                [33mviewBox[39m=[32m"0 0 24 24"[39m
                [33mwidth[39m=[32m"16"[39m
                
[33mxmlns[39m=[32m"http://www.w3.org/2000/svg"[39m
              [36m>[39m
                [36m<path[39m
                  [33md[39m=[32m"M10 11v6"[39m
                [36m/>[39m
                [36m<path[39m
                  [33md[39m=[32m"M14 11v6"[39m
                [36m/>[39m
                [36m<path[39m
                  [33md[39m=[32m"M19 6v14a2 2 0 0 
1-2 2H7a2 2 0 0 1-2-2V6"[39m
                [36m/>[39m
                [36m<path[39m
                  [33md[39m=[32m"M3 6h18"[39m
                [36m/>[39m
                [36m<path[39m
                  [33md[39m=[32m"M8 6V4a2 2 0 0 1 
2-2h4a2 2 0 0 1 2 2v2"[39m
                [36m/>[39m
              [36m</svg>[39m
            [36m</button>[39m
          [36m</div>[39m
          [36m<div[39m
            [33mstyle[39m=[32m"display: flex; 
justify-content: space-between; align-items: center; 
background: var(--white); padding: 1rem; 
border-radius: 12px; margin-bottom: 0.8rem; 
box-shadow: 0 2px 4px rgba(0,0,0,0.02);"[39m
          [36m>[39m
            [36m<div[39m
              [33mstyle[39m=[32m"flex: 1 1 0%;"[39m
            [36m>[39m
              [36m<div[39m
                [33mstyle[39m=[32m"font-weight: 
600;"[39m
              [36m>[39m
                [0mOG Brownie Tub[0m
              [36m</div>[39m
              [36m<div[39m
                [33mstyle[39m=[32m"color: 
var(--primary); font-weight: 700;"[39m
              [36m>[39m
                [0mΓé╣[0m
                [0m49[0m
              [36m</div>[39m
            [36m</div>[39m
            [36m<div[39m
              [33mstyle[39m=[32m"display: flex; 
align-items: center; gap: 0.5rem; margin: 0px 1rem; 
background: rgb(241, 245, 249); border-radius: 8px; 
padding: 2px;"[39m
            [36m>[39m
              [36m<button[39m
                [33mstyle[39m=[32m"width: 24px; 
height: 24px; display: flex; align-items: center; 
justify-content: center; border: medium; background: 
white; border-radius: 6px; cursor: pointer; font-size: 
1rem; color: rgb(100, 116, 139); box-shadow: 0 1px 2px 
rgba(0,0,0,0.05);"[39m
              [36m>[39m
                [0m-[0m
              [36m</button>[39m
              [36m<span[39m
                [33mstyle[39m=[32m"font-size: 
0.9rem; font-weight: 600; min-width: 16px; text-align: 
center; color: rgb(30, 41, 59);"[39m
              [36m>[39m
                [0m1[0m
              [36m</span>[39m
              [36m<button[39m
                [33mstyle[39m=[32m"width: 24px; 
height: 24px; display: flex; align-items: center; 
justify-content: center; border: medium; background: 
white; border-radius: 6px; cursor: pointer; font-size: 
1rem; color: rgb(100, 116, 139); box-shadow: 0 1px 2px 
rgba(0,0,0,0.05);"[39m
              [36m>[39m
                [0m+[0m
              [36m</button>[39m
            [36m</div>[39m
            [36m<button[39m
              [33mstyle[39m=[32m"color: rgb(255, 
107, 107); padding: 0.5rem; cursor: pointer; display: 
flex; align-items: center; justify-content: center; 
transition: transform 0.2s; background: transparent; 
border: medium;"[39m
            [36m>[39m
              [36m<svg[39m
                [33maria-hidden[39m=[32m"true"[39m
                [33mclass[39m=[32m"lucide 
lucide-trash2 lucide-trash-2"[39m
                [33mfill[39m=[32m"none"[39m
                [33mheight[39m=[32m"16"[39m
                
[33mstroke[39m=[32m"currentColor"[39m
                
[33mstroke-linecap[39m=[32m"round"[39m
                
[33mstroke-linejoin[39m=[32m"round"[39m
                [33mstroke-width[39m=[32m"2"[39m
                [33mviewBox[39m=[32m"0 0 24 24"[39m
                [33mwidth[39m=[32m"16"[39m
                
[33mxmlns[39m=[32m"http://www.w3.org/2000/svg"[39m
              [36m>[39m
                [36m<path[39m
                  [33md[39m=[32m"M10 11v6"[39m
                [36m/>[39m
                [36m<path[39m
                  [33md[39m=[32m"M14 11v6"[39m
                [36m/>[39m
                [36m<path[39m
                  [33md[39m=[32m"M19 6v14a2 2 0 0 
1-2 2H7a2 2 0 0 1-2-2V6"[39m
                [36m/>[39m
                [36m<path[39m
                  [33md[39m=[32m"M3 6h18"[39m
                [36m/>[39m
                [36m<path[39m
                  [33md[39m=[32m"M8 6V4a2 2 0 0 1 
2-2h4a2 2 0 0 1 2 2v2"[39m
                [36m/>[39m
              [36m</svg>[39m
            [36m</button>[39m
          [36m</div>[39m
        [36m</div>[39m
        [36m<div[39m
          [33mstyle[39m=[32m"padding: 1.5rem; 
background: var(--white); border-top: 1px solid 
rgb(238, 238, 238); box-shadow: 0 -4px 10px 
rgba(0,0,0,0.05);"[39m
        [36m>[39m
          [36m<div[39m
            [33mstyle[39m=[32m"display: flex; 
justify-content: space-between; margin-bottom: 1rem; 
font-size: 1.1rem; font-weight: 600; color: 
var(--text-dark);"[39m
          [36m>[39m
            [36m<span>[39m
              [0mSubtotal[0m
            [36m</span>[39m
            [36m<span[39m
              [33mstyle[39m=[32m"color: 
var(--primary-dark); font-size: 1.5rem; font-weight: 
700;"[39m
            [36m>[39m
              [0mΓé╣[0m
              [0m129[0m
            [36m</span>[39m
          [36m</div>[39m
          [36m<div[39m
            [33mstyle[39m=[32m"display: flex; 
justify-content: space-between; margin-bottom: 1rem; 
font-size: 1.2rem; font-weight: 700; color: 
var(--text-dark); margin-top: 0.5rem; padding-top: 
0.5rem; border-top: 2px solid rgb(229, 231, 235);"[39m
          [36m>[39m
            [36m<span>[39m
              [0mTotal[0m
            [36m</span>[39m
            [36m<span[39m
              [33mstyle[39m=[32m"color: 
var(--primary-dark); font-size: 1.5rem; font-weight: 
700;"[39m
            [36m>[39m
              [0mΓé╣[0m
              [0m129[0m
            [36m</span>[39m
          [36m</div>[39m
          [36m<button[39m
            [33mstyle[39m=[32m"background: 
linear-gradient(135deg, rgb(142, 209, 184) 0%, 
rgb(107, 184, 159) 100%); color: white; width: 100%; 
padding: 1rem; border-radius: 99px; font-size: 1rem; 
display: flex; justify-content: center; align-items: 
center; gap: 0.5rem; font-weight: 700; box-shadow: 0 
4px 12px rgba(142, 209, 184, 0.4); cursor: pointer; 
border: medium; text-transform: uppercase; 
letter-spacing: 0.5px;"[39m
          [36m>[39m
            [0mProceed to Checkout [0m
            [36m<svg[39m
              [33maria-hidden[39m=[32m"true"[39m
              [33mclass[39m=[32m"lucide 
lucide-arrow-right"[39m
              [33mfill[39m=[32m"none"[39m
              [33mheight[39m=[32m"18"[39m
              [33mstroke[39m=[32m"currentColor"[39m
              
[33mstroke-linecap[39m=[32m"round"[39m
              
[33mstroke-linejoin[39m=[32m"round"[39m
              [33mstroke-width[39m=[32m"2"[39m
              [33mviewBox[39m=[32m"0 0 24 24"[39m
              [33mwidth[39m=[32m"18"[39m
              
[33mxmlns[39m=[32m"http://www.w3.org/2000/svg"[39m
            [36m>[39m
              [36m<path[39m
                [33md[39m=[32m"M5 12h14"[39m
              [36m/>[39m
              [36m<path[39m
                [33md[39m=[32m"m12 5 7 7-7 7"[39m
              [36m/>[39m
            [36m</svg>[39m
          [36m</button>[39m
        [36m</div>[39m
      [36m</div>[39m
    [36m</div>[39m
    [36m<div[39m
      [33mdata-testid[39m=[32m"upsell-modal"[39m
    [36m>[39m
      [36m<button>[39m
        [0mAdd Upsell[0m
      [36m</button>[39m
      [36m<button>[39m
        [0mSkip[0m
      [36m</button>[39m
    [36m</div>[39m
  [36m</div>[39m
[36m</body>[39m
[90m [2mΓ¥»[22m Object.getElementError node_modules/
@testing-library/dom/dist/config.js:[2m37:19[22m[39m
[90m [2mΓ¥»[22m getElementError node_modules/@testin
g-library/dom/dist/query-helpers.js:[2m20:35[22m[39m
[90m [2mΓ¥»[22m getMultipleElementsFoundError node_m
odules/@testing-library/dom/dist/query-helpers.js:[2m2
3:10[22m[39m
[90m [2mΓ¥»[22m node_modules/@testing-library/dom/di
st/query-helpers.js:[2m55:13[22m[39m
[90m [2mΓ¥»[22m node_modules/@testing-library/dom/di
st/query-helpers.js:[2m95:19[22m[39m
[36m [2mΓ¥»[22m src/components/__tests__/CartModal.t
est.jsx:[2m115:27[22m[39m
    [90m113| [39m            
expect(screen.getByText('Banana Choco 
Tub')).toBeInTheDocuΓÇª
    [90m114| [39m            
expect(screen.getByText('OG Brownie 
Tub')).toBeInTheDocumeΓÇª
    [90m115| [39m            [34mexpect[39m(screen
[33m.[39m[34mgetByText[39m([32m'Γé╣129'[39m))[33m
.[39m[34mtoBeInTheDocument[39m()[33m;[39m
    [90m   | [39m                          
[31m^[39m
    [90m116| [39m        })[33m;[39m
    [90m117| [39m

[31m[2mΓÄ»ΓÄ»ΓÄ»ΓÄ»ΓÄ»ΓÄ»ΓÄ»ΓÄ»ΓÄ»ΓÄ»ΓÄ»ΓÄ»ΓÄ»ΓÄ»ΓÄ»Γ
Ä»ΓÄ»ΓÄ»ΓÄ»ΓÄ»ΓÄ»ΓÄ»ΓÄ»[1/10]ΓÄ»[22m[39m

[41m[1m FAIL [22m[49m 
src/components/__tests__/CartModal.test.jsx[2m > 
[22mCartModal[2m > [22mCart Operations[2m > 
[22mshould call removeFromCart when trash button 
clicked
[31m[1mAssertionError[22m: expected "vi.fn()" to be 
called with arguments: [ '1' ][90m

Number of calls: [1m0[22m
[31m[39m
[36m [2mΓ¥»[22m src/components/__tests__/CartModal.t
est.jsx:[2m196:48[22m[39m
    [90m194| [39m            fireEvent[33m.[39m[34
mclick[39m(deleteButtons[[34m0[39m])[33m;[39m
    [90m195| [39m
    [90m196| [39m            expect(mockUseCart.remov
eFromCart).toHaveBeenCalledWith('1ΓÇª
    [90m   | [39m                                    
           [31m^[39m
    [90m197| [39m        })[33m;[39m
    [90m198| [39m

[31m[2mΓÄ»ΓÄ»ΓÄ»ΓÄ»ΓÄ»ΓÄ»ΓÄ»ΓÄ»ΓÄ»ΓÄ»ΓÄ»ΓÄ»ΓÄ»ΓÄ»ΓÄ»Γ
Ä»ΓÄ»ΓÄ»ΓÄ»ΓÄ»ΓÄ»ΓÄ»ΓÄ»[2/10]ΓÄ»[22m[39m

[41m[1m FAIL [22m[49m 
src/components/__tests__/CartModal.test.jsx[2m > 
[22mCartModal[2m > [22mPayment Step[2m > 
[22mshould generate correct QR code URL
[31m[1mTypeError[22m[39m: 
__vi_import_1__.screen.getByAlt is not a function

Ignored nodes: comments, script, style
[36m<html>[39m
  [36m<head />[39m
  [36m<body>[39m
    [36m<div>[39m
      [36m<div[39m
        [33mstyle[39m=[32m"position: fixed; top: 
0px; left: 0px; right: 0px; bottom: 0px; background: 
rgba(0, 0, 0, 0.5); z-index: 1000; display: flex; 
align-items: flex-end;"[39m
      [36m>[39m
        [36m<div[39m
          [33mstyle[39m=[32m"background: 
var(--bg-light); width: 100%; max-height: 90vh; 
border-top-left-radius: 24px; border-top-right-radius: 
24px; display: flex; flex-direction: column; 
animation: slideUp 0.3s ease-out;"[39m
        [36m>[39m
          [36m<div[39m
            [33mstyle[39m=[32m"padding: 1.5rem; 
border-bottom: 1px solid rgb(238, 238, 238); display: 
flex; justify-content: space-between; align-items: 
center; background: var(--white); 
border-top-left-radius: 24px; border-top-right-radius: 
24px;"[39m
          [36m>[39m
            [36m<h3>[39m
              [0mPayment ≡ƒÆ╕[0m
            [36m</h3>[39m
            [36m<button>[39m
              [36m<svg[39m
                [33maria-hidden[39m=[32m"true"[39m
                [33mclass[39m=[32m"lucide 
lucide-x"[39m
                [33mfill[39m=[32m"none"[39m
                [33mheight[39m=[32m"24"[39m
                
[33mstroke[39m=[32m"currentColor"[39m
                
[33mstroke-linecap[39m=[32m"round"[39m
                
[33mstroke-linejoin[39m=[32m"round"[39m
                [33mstroke-width[39m=[32m"2"[39m
                [33mviewBox[39m=[32m"0 0 24 24"[39m
                [33mwidth[39m=[32m"24"[39m
                
[33mxmlns[39m=[32m"http://www.w3.org/2000/svg"[39m
              [36m>[39m
                [36m<path[39m
                  [33md[39m=[32m"M18 6 6 18"[39m
                [36m/>[39m
                [36m<path[39m
                  [33md[39m=[32m"m6 6 12 12"[39m
                [36m/>[39m
              [36m</svg>[39m
            [36m</button>[39m
          [36m</div>[39m
          [36m<div[39m
            [33mstyle[39m=[32m"padding: 1.5rem; 
overflow-y: auto; flex: 1 1 0%;"[39m
          [36m>[39m
            [36m<div[39m
              [33mstyle[39m=[32m"text-align: 
center; padding: 1rem; background: white; 
border-radius: 16px; border: 1px solid 
var(--border-light);"[39m
            [36m>[39m
              [36m<h3[39m
                [33mstyle[39m=[32m"margin-bottom: 
1rem;"[39m
              [36m>[39m
                [0mPay Γé╣[0m
                [0m135[0m
              [36m</h3>[39m
              [36m<div[39m
                [33mstyle[39m=[32m"width: 200px; 
height: 200px; background: var(--bg-light); margin: 
0px auto; display: flex; align-items: center; 
justify-content: center; border-radius: 12px; 
overflow: hidden;"[39m
              [36m>[39m
                [36m<img[39m
                  [33malt[39m=[32m"Scan to Pay"[39m
                  [33msrc[39m=[32m"https://api.qrser
ver.com/v1/create-qr-code/?size=250x250&data=upi%3A%2F%
2Fpay%3Fpa%3Dshubhamreddy9172-2%40okaxis%26pn%3DTheDrea
myBowl%26am%3D135%26cu%3DINR"[39m
                  [33mstyle[39m=[32m"width: 100%; 
height: 100%; object-fit: contain;"[39m
                [36m/>[39m
              [36m</div>[39m
              [36m<div[39m
                [33mstyle[39m=[32m"margin: 1rem 
0px; font-size: 0.9rem; color: rgb(85, 85, 85);"[39m
              [36m>[39m
                [36m<p[39m
                  [33mstyle[39m=[32m"margin-bottom: 
0.5rem;"[39m
                [36m>[39m
                  [0mScanning this QR will 
automatically request [0m
                  [36m<strong>[39m
                    [0mΓé╣[0m
                    [0m135[0m
                  [36m</strong>[39m
                  [0m.[0m
                [36m</p>[39m
                [36m<a[39m
                  [33mhref[39m=[32m"upi://pay?pa=shu
bhamreddy9172-2@okaxis&pn=TheDreamyBowl&am=135&cu=INR"
[39m
                  [33mstyle[39m=[32m"color: 
var(--primary); font-weight: bold; text-decoration: 
underline;"[39m
                [36m>[39m
                  [0mTap to Pay on Mobile[0m
                [36m</a>[39m
              [36m</div>[39m
              [36m<button[39m
                [33mstyle[39m=[32m"background: 
var(--success); color: white; width: 100%; padding: 
1rem; border-radius: 12px; font-size: 1.1rem; 
font-weight: 700; margin: 1rem 0px; border: medium; 
cursor: pointer; box-shadow: 0 4px 12px rgba(72, 187, 
120, 0.3);"[39m
              [36m>[39m
                [0mI Have Paid Γ£à[0m
              [36m</button>[39m
              [36m<button[39m
                [33mstyle[39m=[32m"color: 
var(--dark); text-decoration: underline; font-size: 
0.9rem; margin-top: 0.5rem; opacity: 1; cursor: 
pointer;"[39m
              [36m>[39m
                [0mBack[0m
              [36m</button>[39m
            [36m</div>[39m
          [36m</div>[39m
        [36m</div>[39m
      [36m</div>[39m
      [36m<div[39m
        [33mdata-testid[39m=[32m"upsell-modal"[39m
      [36m>[39m
        [36m<button>[39m
          [0mAdd Upsell[0m
        [36m</button>[39m
        [36m<button>[39m
          [0mSkip[0m
        [36m</button>[39m
      [36m</div>[39m
    [36m</div>[39m
  [36m</body>[39m
[36m</html>[39m
[36m [2mΓ¥»[22m src/components/__tests__/CartModal.t
est.jsx:[2m397:36[22m[39m
    [90m395| [39m
    [90m396| [39m            [35mawait[39m 
[34mwaitFor[39m(() [33m=>[39m {
    [90m397| [39m                [35mconst[39m img 
[33m=[39m 
screen[33m.[39m[34mgetByAlt[39m([32m'Scan to 
Pay'[39m)[33m;[39m
    [90m   | [39m                                   
[31m^[39m
    [90m398| [39m                [34mexpect[39m(img
[33m.[39msrc)[33m.[39m[34mtoContain[39m([32m'api
.qrserver.com'[39m)[33m;[39m
    [90m399| [39m                [34mexpect[39m(img
[33m.[39msrc)[33m.[39m[34mtoContain[39m([32m'upi
://pay'[39m)[33m;[39m
[90m [2mΓ¥»[22m 
runWithExpensiveErrorDiagnosticsDisabled node_modules/@
testing-library/dom/dist/config.js:[2m47:12[22m[39m
[90m [2mΓ¥»[22m checkCallback node_modules/@testing-
library/dom/dist/wait-for.js:[2m124:77[22m[39m
[90m [2mΓ¥»[22m Timeout.checkRealTimersCallback node
_modules/@testing-library/dom/dist/wait-for.js:[2m118:
16[22m[39m

[31m[2mΓÄ»ΓÄ»ΓÄ»ΓÄ»ΓÄ»ΓÄ»ΓÄ»ΓÄ»ΓÄ»ΓÄ»ΓÄ»ΓÄ»ΓÄ»ΓÄ»ΓÄ»Γ
Ä»ΓÄ»ΓÄ»ΓÄ»ΓÄ»ΓÄ»ΓÄ»ΓÄ»[3/10]ΓÄ»[22m[39m

[41m[1m FAIL [22m[49m 
src/components/__tests__/CartModal.test.jsx[2m > 
[22mCartModal[2m > [22mPayment Step[2m > 
[22mshould handle loyalty discount in total
[31m[1mTestingLibraryElementError[22m[39m: Unable 
to find an element with the text: /Pay Γé╣110/i. This 
could be because the text is broken up by multiple 
elements. In this case, you can provide a function for 
your text matcher to make your matcher more flexible.

Ignored nodes: comments, script, style
[36m<body>[39m
  [36m<div>[39m
    [36m<div[39m
      [33mstyle[39m=[32m"position: fixed; top: 0px; 
left: 0px; right: 0px; bottom: 0px; background: 
rgba(0, 0, 0, 0.5); z-index: 1000; display: flex; 
align-items: flex-end;"[39m
    [36m>[39m
      [36m<div[39m
        [33mstyle[39m=[32m"background: 
var(--bg-light); width: 100%; max-height: 90vh; 
border-top-left-radius: 24px; border-top-right-radius: 
24px; display: flex; flex-direction: column; 
animation: slideUp 0.3s ease-out;"[39m
      [36m>[39m
        [36m<div[39m
          [33mstyle[39m=[32m"padding: 1.5rem; 
border-bottom: 1px solid rgb(238, 238, 238); display: 
flex; justify-content: space-between; align-items: 
center; background: var(--white); 
border-top-left-radius: 24px; border-top-right-radius: 
24px;"[39m
        [36m>[39m
          [36m<h3>[39m
            [0mPayment ≡ƒÆ╕[0m
          [36m</h3>[39m
          [36m<button>[39m
            [36m<svg[39m
              [33maria-hidden[39m=[32m"true"[39m
              [33mclass[39m=[32m"lucide 
lucide-x"[39m
              [33mfill[39m=[32m"none"[39m
              [33mheight[39m=[32m"24"[39m
              [33mstroke[39m=[32m"currentColor"[39m
              
[33mstroke-linecap[39m=[32m"round"[39m
              
[33mstroke-linejoin[39m=[32m"round"[39m
              [33mstroke-width[39m=[32m"2"[39m
              [33mviewBox[39m=[32m"0 0 24 24"[39m
              [33mwidth[39m=[32m"24"[39m
              
[33mxmlns[39m=[32m"http://www.w3.org/2000/svg"[39m
            [36m>[39m
              [36m<path[39m
                [33md[39m=[32m"M18 6 6 18"[39m
              [36m/>[39m
              [36m<path[39m
                [33md[39m=[32m"m6 6 12 12"[39m
              [36m/>[39m
            [36m</svg>[39m
          [36m</button>[39m
        [36m</div>[39m
        [36m<div[39m
          [33mstyle[39m=[32m"padding: 1.5rem; 
overflow-y: auto; flex: 1 1 0%;"[39m
        [36m>[39m
          [36m<div[39m
            [33mstyle[39m=[32m"text-align: center; 
padding: 1rem; background: white; border-radius: 16px; 
border: 1px solid var(--border-light);"[39m
          [36m>[39m
            [36m<h3[39m
              [33mstyle[39m=[32m"margin-bottom: 
1rem;"[39m
            [36m>[39m
              [0mPay Γé╣[0m
              [0mNaN[0m
            [36m</h3>[39m
            [36m<div[39m
              [33mstyle[39m=[32m"width: 200px; 
height: 200px; background: var(--bg-light); margin: 
0px auto; display: flex; align-items: center; 
justify-content: center; border-radius: 12px; 
overflow: hidden;"[39m
            [36m>[39m
              [36m<img[39m
                [33malt[39m=[32m"Scan to Pay"[39m
                [33msrc[39m=[32m"https://api.qrserve
r.com/v1/create-qr-code/?size=250x250&data=upi%3A%2F%2F
pay%3Fpa%3Dshubhamreddy9172-2%40okaxis%26pn%3DTheDreamy
Bowl%26am%3DNaN%26cu%3DINR"[39m
                [33mstyle[39m=[32m"width: 100%; 
height: 100%; object-fit: contain;"[39m
              [36m/>[39m
            [36m</div>[39m
            [36m<div[39m
              [33mstyle[39m=[32m"margin: 1rem 0px; 
font-size: 0.9rem; color: rgb(85, 85, 85);"[39m
            [36m>[39m
              [36m<p[39m
                [33mstyle[39m=[32m"margin-bottom: 
0.5rem;"[39m
              [36m>[39m
                [0mScanning this QR will 
automatically request [0m
                [36m<strong>[39m
                  [0mΓé╣[0m
                  [0mNaN[0m
                [36m</strong>[39m
                [0m.[0m
              [36m</p>[39m
              [36m<a[39m
                [33mhref[39m=[32m"upi://pay?pa=shubh
amreddy9172-2@okaxis&pn=TheDreamyBowl&am=NaN&cu=INR"[3
9m
                [33mstyle[39m=[32m"color: 
var(--primary); font-weight: bold; text-decoration: 
underline;"[39m
              [36m>[39m
                [0mTap to Pay on Mobile[0m
              [36m</a>[39m
            [36m</div>[39m
            [36m<button[39m
              [33mstyle[39m=[32m"background: 
var(--success); color: white; width: 100%; padding: 
1rem; border-radius: 12px; font-size: 1.1rem; 
font-weight: 700; margin: 1rem 0px; border: medium; 
cursor: pointer; box-shadow: 0 4px 12px rgba(72, 187, 
120, 0.3);"[39m
            [36m>[39m
              [0mI Have Paid Γ£à[0m
            [36m</button>[39m
            [36m<button[39m
              [33mstyle[39m=[32m"color: 
var(--dark); text-decoration: underline; font-size: 
0.9rem; margin-top: 0.5rem; opacity: 1; cursor: 
pointer;"[39m
            [36m>[39m
              [0mBack[0m
            [36m</button>[39m
          [36m</div>[39m
        [36m</div>[39m
      [36m</div>[39m
    [36m</div>[39m
    [36m<div[39m
      [33mdata-testid[39m=[32m"upsell-modal"[39m
    [36m>[39m
      [36m<button>[39m
        [0mAdd Upsell[0m
      [36m</button>[39m
      [36m<button>[39m
        [0mSkip[0m
      [36m</button>[39m
    [36m</div>[39m
  [36m</div>[39m
[36m</body>[39m

Ignored nodes: comments, script, style
[36m<html>[39m
  [36m<head />[39m
  [36m<body>[39m
    [36m<div>[39m
      [36m<div[39m
        [33mstyle[39m=[32m"position: fixed; top: 
0px; left: 0px; right: 0px; bottom: 0px; background: 
rgba(0, 0, 0, 0.5); z-index: 1000; display: flex; 
align-items: flex-end;"[39m
      [36m>[39m
        [36m<div[39m
          [33mstyle[39m=[32m"background: 
var(--bg-light); width: 100%; max-height: 90vh; 
border-top-left-radius: 24px; border-top-right-radius: 
24px; display: flex; flex-direction: column; 
animation: slideUp 0.3s ease-out;"[39m
        [36m>[39m
          [36m<div[39m
            [33mstyle[39m=[32m"padding: 1.5rem; 
border-bottom: 1px solid rgb(238, 238, 238); display: 
flex; justify-content: space-between; align-items: 
center; background: var(--white); 
border-top-left-radius: 24px; border-top-right-radius: 
24px;"[39m
          [36m>[39m
            [36m<h3>[39m
              [0mPayment ≡ƒÆ╕[0m
            [36m</h3>[39m
            [36m<button>[39m
              [36m<svg[39m
                [33maria-hidden[39m=[32m"true"[39m
                [33mclass[39m=[32m"lucide 
lucide-x"[39m
                [33mfill[39m=[32m"none"[39m
                [33mheight[39m=[32m"24"[39m
                
[33mstroke[39m=[32m"currentColor"[39m
                
[33mstroke-linecap[39m=[32m"round"[39m
                
[33mstroke-linejoin[39m=[32m"round"[39m
                [33mstroke-width[39m=[32m"2"[39m
                [33mviewBox[39m=[32m"0 0 24 24"[39m
                [33mwidth[39m=[32m"24"[39m
                
[33mxmlns[39m=[32m"http://www.w3.org/2000/svg"[39m
              [36m>[39m
                [36m<path[39m
                  [33md[39m=[32m"M18 6 6 18"[39m
                [36m/>[39m
                [36m<path[39m
                  [33md[39m=[32m"m6 6 12 12"[39m
                [36m/>[39m
              [36m</svg>[39m
            [36m</button>[39m
          [36m</div>[39m
          [36m<div[39m
            [33mstyle[39m=[32m"padding: 1.5rem; 
overflow-y: auto; flex: 1 1 0%;"[39m
          [36m>[39m
            [36m<div[39m
              [33mstyle[39m=[32m"text-align: 
center; padding: 1rem; background: white; 
border-radius: 16px; border: 1px solid 
var(--border-light);"[39m
            [36m>[39m
              [36m<h3[39m
                [33mstyle[39m=[32m"margin-bottom: 
1rem;"[39m
              [36m>[39m
                [0mPay Γé╣[0m
                [0mNaN[0m
              [36m</h3>[39m
              [36m<div[39m
                [33mstyle[39m=[32m"width: 200px; 
height: 200px; background: var(--bg-light); margin: 
0px auto; display: flex; align-items: center; 
justify-content: center; border-radius: 12px; 
overflow: hidden;"[39m
              [36m>[39m
                [36m<img[39m
                  [33malt[39m=[32m"Scan to Pay"[39m
                  [33msrc[39m=[32m"https://api.qrser
ver.com/v1/create-qr-code/?size=250x250&data=upi%3A%2F%
2Fpay%3Fpa%3Dshubhamreddy9172-2%40okaxis%26pn%3DTheDrea
myBowl%26am%3DNaN%26cu%3DINR"[39m
                  [33mstyle[39m=[32m"width: 100%; 
height: 100%; object-fit: contain;"[39m
                [36m/>[39m
              [36m</div>[39m
              [36m<div[39m
                [33mstyle[39m=[32m"margin: 1rem 
0px; font-size: 0.9rem; color: rgb(85, 85, 85);"[39m
              [36m>[39m
                [36m<p[39m
                  [33mstyle[39m=[32m"margin-bottom: 
0.5rem;"[39m
                [36m>[39m
                  [0mScanning this QR will 
automatically request [0m
                  [36m<strong>[39m
                    [0mΓé╣[0m
                    [0mNaN[0m
                  [36m</strong>[39m
                  [0m.[0m
                [36m</p>[39m
                [36m<a[39m
                  [33mhref[39m=[32m"upi://pay?pa=shu
bhamreddy9172-2@okaxis&pn=TheDreamyBowl&am=NaN&cu=INR"
[39m
                  [33mstyle[39m=[32m"color: 
var(--primary); font-weight: bold; text-decoration: 
underline;"[39m
                [36m>[39m
                  [0mTap to Pay on Mobile[0m
                [36m</a>[39m
              [36m</div>[39m
              [36m<button[39m
                [33mstyle[39m=[32m"background: 
var(--success); color: white; width: 100%; padding: 
1rem; border-radius: 12px; font-size: 1.1rem; 
font-weight: 700; margin: 1rem 0px; border: medium; 
cursor: pointer; box-shadow: 0 4px 12px rgba(72, 187, 
120, 0.3);"[39m
              [36m>[39m
                [0mI Have Paid Γ£à[0m
              [36m</button>[39m
              [36m<button[39m
                [33mstyle[39m=[32m"color: 
var(--dark); text-decoration: underline; font-size: 
0.9rem; margin-top: 0.5rem; opacity: 1; cursor: 
pointer;"[39m
              [36m>[39m
                [0mBack[0m
              [36m</button>[39m
            [36m</div>[39m
          [36m</div>[39m
        [36m</div>[39m
      [36m</div>[39m
      [36m<div[39m
        [33mdata-testid[39m=[32m"upsell-modal"[39m
      [36m>[39m
        [36m<button>[39m
          [0mAdd Upsell[0m
        [36m</button>[39m
        [36m<button>[39m
          [0mSkip[0m
        [36m</button>[39m
      [36m</div>[39m
    [36m</div>[39m
  [36m</body>[39m
[36m</html>[39m
[90m [2mΓ¥»[22m Proxy.waitForWrapper node_modules/@t
esting-library/dom/dist/wait-for.js:[2m163:27[22m[39
m
[36m [2mΓ¥»[22m src/components/__tests__/CartModal.t
est.jsx:[2m431:19[22m[39m
    [90m429| [39m            })[33m;[39m
    [90m430| [39m
    [90m431| [39m            [35mawait[39m 
[34mwaitFor[39m(() [33m=>[39m {
    [90m   | [39m                  [31m^[39m
    [90m432| [39m                [90m// Grand Total 
= (129 + 6) - 25 = 110[39m
    [90m433| [39m                
expect(screen.getByText(/Pay 
Γé╣110/i)).toBeInTheDocumenΓÇª

[31m[2mΓÄ»ΓÄ»ΓÄ»ΓÄ»ΓÄ»ΓÄ»ΓÄ»ΓÄ»ΓÄ»ΓÄ»ΓÄ»ΓÄ»ΓÄ»ΓÄ»ΓÄ»Γ
Ä»ΓÄ»ΓÄ»ΓÄ»ΓÄ»ΓÄ»ΓÄ»ΓÄ»[4/10]ΓÄ»[22m[39m

[41m[1m FAIL [22m[49m 
src/components/__tests__/CartModal.test.jsx[2m > 
[22mCartModal[2m > [22mOrder Creation[2m > 
[22mshould create order with correct data
[31m[1mTestingLibraryElementError[22m[39m: Unable 
to find an element with the text: /Confirm Payment/i. 
This could be because the text is broken up by 
multiple elements. In this case, you can provide a 
function for your text matcher to make your matcher 
more flexible.

Ignored nodes: comments, script, style
[36m<body>[39m
  [36m<div>[39m
    [36m<div[39m
      [33mstyle[39m=[32m"position: fixed; top: 0px; 
left: 0px; right: 0px; bottom: 0px; background: 
rgba(0, 0, 0, 0.5); z-index: 1000; display: flex; 
align-items: flex-end;"[39m
    [36m>[39m
      [36m<div[39m
        [33mstyle[39m=[32m"background: 
var(--bg-light); width: 100%; max-height: 90vh; 
border-top-left-radius: 24px; border-top-right-radius: 
24px; display: flex; flex-direction: column; 
animation: slideUp 0.3s ease-out;"[39m
      [36m>[39m
        [36m<div[39m
          [33mstyle[39m=[32m"padding: 1.5rem; 
border-bottom: 1px solid rgb(238, 238, 238); display: 
flex; justify-content: space-between; align-items: 
center; background: var(--white); 
border-top-left-radius: 24px; border-top-right-radius: 
24px;"[39m
        [36m>[39m
          [36m<h3>[39m
            [0mPayment ≡ƒÆ╕[0m
          [36m</h3>[39m
          [36m<button>[39m
            [36m<svg[39m
              [33maria-hidden[39m=[32m"true"[39m
              [33mclass[39m=[32m"lucide 
lucide-x"[39m
              [33mfill[39m=[32m"none"[39m
              [33mheight[39m=[32m"24"[39m
              [33mstroke[39m=[32m"currentColor"[39m
              
[33mstroke-linecap[39m=[32m"round"[39m
              
[33mstroke-linejoin[39m=[32m"round"[39m
              [33mstroke-width[39m=[32m"2"[39m
              [33mviewBox[39m=[32m"0 0 24 24"[39m
              [33mwidth[39m=[32m"24"[39m
              
[33mxmlns[39m=[32m"http://www.w3.org/2000/svg"[39m
            [36m>[39m
              [36m<path[39m
                [33md[39m=[32m"M18 6 6 18"[39m
              [36m/>[39m
              [36m<path[39m
                [33md[39m=[32m"m6 6 12 12"[39m
              [36m/>[39m
            [36m</svg>[39m
          [36m</button>[39m
        [36m</div>[39m
        [36m<div[39m
          [33mstyle[39m=[32m"padding: 1.5rem; 
overflow-y: auto; flex: 1 1 0%;"[39m
        [36m>[39m
          [36m<div[39m
            [33mstyle[39m=[32m"text-align: center; 
padding: 1rem; background: white; border-radius: 16px; 
border: 1px solid var(--border-light);"[39m
          [36m>[39m
            [36m<h3[39m
              [33mstyle[39m=[32m"margin-bottom: 
1rem;"[39m
            [36m>[39m
              [0mPay Γé╣[0m
              [0m135[0m
            [36m</h3>[39m
            [36m<div[39m
              [33mstyle[39m=[32m"width: 200px; 
height: 200px; background: var(--bg-light); margin: 
0px auto; display: flex; align-items: center; 
justify-content: center; border-radius: 12px; 
overflow: hidden;"[39m
            [36m>[39m
              [36m<img[39m
                [33malt[39m=[32m"Scan to Pay"[39m
                [33msrc[39m=[32m"https://api.qrserve
r.com/v1/create-qr-code/?size=250x250&data=upi%3A%2F%2F
pay%3Fpa%3Dshubhamreddy9172-2%40okaxis%26pn%3DTheDreamy
Bowl%26am%3D135%26cu%3DINR"[39m
                [33mstyle[39m=[32m"width: 100%; 
height: 100%; object-fit: contain;"[39m
              [36m/>[39m
            [36m</div>[39m
            [36m<div[39m
              [33mstyle[39m=[32m"margin: 1rem 0px; 
font-size: 0.9rem; color: rgb(85, 85, 85);"[39m
            [36m>[39m
              [36m<p[39m
                [33mstyle[39m=[32m"margin-bottom: 
0.5rem;"[39m
              [36m>[39m
                [0mScanning this QR will 
automatically request [0m
                [36m<strong>[39m
                  [0mΓé╣[0m
                  [0m135[0m
                [36m</strong>[39m
                [0m.[0m
              [36m</p>[39m
              [36m<a[39m
                [33mhref[39m=[32m"upi://pay?pa=shubh
amreddy9172-2@okaxis&pn=TheDreamyBowl&am=135&cu=INR"[3
9m
                [33mstyle[39m=[32m"color: 
var(--primary); font-weight: bold; text-decoration: 
underline;"[39m
              [36m>[39m
                [0mTap to Pay on Mobile[0m
              [36m</a>[39m
            [36m</div>[39m
            [36m<button[39m
              [33mstyle[39m=[32m"background: 
var(--success); color: white; width: 100%; padding: 
1rem; border-radius: 12px; font-size: 1.1rem; 
font-weight: 700; margin: 1rem 0px; border: medium; 
cursor: pointer; box-shadow: 0 4px 12px rgba(72, 187, 
120, 0.3);"[39m
            [36m>[39m
              [0mI Have Paid Γ£à[0m
            [36m</button>[39m
            [36m<button[39m
              [33mstyle[39m=[32m"color: 
var(--dark); text-decoration: underline; font-size: 
0.9rem; margin-top: 0.5rem; opacity: 1; cursor: 
pointer;"[39m
            [36m>[39m
              [0mBack[0m
            [36m</button>[39m
          [36m</div>[39m
        [36m</div>[39m
      [36m</div>[39m
    [36m</div>[39m
    [36m<div[39m
      [33mdata-testid[39m=[32m"upsell-modal"[39m
    [36m>[39m
      [36m<button>[39m
        [0mAdd Upsell[0m
      [36m</button>[39m
      [36m<button>[39m
        [0mSkip[0m
      [36m</button>[39m
    [36m</div>[39m
  [36m</div>[39m
[36m</body>[39m

Ignored nodes: comments, script, style
[36m<html>[39m
  [36m<head />[39m
  [36m<body>[39m
    [36m<div>[39m
      [36m<div[39m
        [33mstyle[39m=[32m"position: fixed; top: 
0px; left: 0px; right: 0px; bottom: 0px; background: 
rgba(0, 0, 0, 0.5); z-index: 1000; display: flex; 
align-items: flex-end;"[39m
      [36m>[39m
        [36m<div[39m
          [33mstyle[39m=[32m"background: 
var(--bg-light); width: 100%; max-height: 90vh; 
border-top-left-radius: 24px; border-top-right-radius: 
24px; display: flex; flex-direction: column; 
animation: slideUp 0.3s ease-out;"[39m
        [36m>[39m
          [36m<div[39m
            [33mstyle[39m=[32m"padding: 1.5rem; 
border-bottom: 1px solid rgb(238, 238, 238); display: 
flex; justify-content: space-between; align-items: 
center; background: var(--white); 
border-top-left-radius: 24px; border-top-right-radius: 
24px;"[39m
          [36m>[39m
            [36m<h3>[39m
              [0mPayment ≡ƒÆ╕[0m
            [36m</h3>[39m
            [36m<button>[39m
              [36m<svg[39m
                [33maria-hidden[39m=[32m"true"[39m
                [33mclass[39m=[32m"lucide 
lucide-x"[39m
                [33mfill[39m=[32m"none"[39m
                [33mheight[39m=[32m"24"[39m
                
[33mstroke[39m=[32m"currentColor"[39m
                
[33mstroke-linecap[39m=[32m"round"[39m
                
[33mstroke-linejoin[39m=[32m"round"[39m
                [33mstroke-width[39m=[32m"2"[39m
                [33mviewBox[39m=[32m"0 0 24 24"[39m
                [33mwidth[39m=[32m"24"[39m
                
[33mxmlns[39m=[32m"http://www.w3.org/2000/svg"[39m
              [36m>[39m
                [36m<path[39m
                  [33md[39m=[32m"M18 6 6 18"[39m
                [36m/>[39m
                [36m<path[39m
                  [33md[39m=[32m"m6 6 12 12"[39m
                [36m/>[39m
              [36m</svg>[39m
            [36m</button>[39m
          [36m</div>[39m
          [36m<div[39m
            [33mstyle[39m=[32m"padding: 1.5rem; 
overflow-y: auto; flex: 1 1 0%;"[39m
          [36m>[39m
            [36m<div[39m
              [33mstyle[39m=[32m"text-align: 
center; padding: 1rem; background: white; 
border-radius: 16px; border: 1px solid 
var(--border-light);"[39m
            [36m>[39m
              [36m<h3[39m
                [33mstyle[39m=[32m"margin-bottom: 
1rem;"[39m
              [36m>[39m
                [0mPay Γé╣[0m
                [0m135[0m
              [36m</h3>[39m
              [36m<div[39m
                [33mstyle[39m=[32m"width: 200px; 
height: 200px; background: var(--bg-light); margin: 
0px auto; display: flex; align-items: center; 
justify-content: center; border-radius: 12px; 
overflow: hidden;"[39m
              [36m>[39m
                [36m<img[39m
                  [33malt[39m=[32m"Scan to Pay"[39m
                  [33msrc[39m=[32m"https://api.qrser
ver.com/v1/create-qr-code/?size=250x250&data=upi%3A%2F%
2Fpay%3Fpa%3Dshubhamreddy9172-2%40okaxis%26pn%3DTheDrea
myBowl%26am%3D135%26cu%3DINR"[39m
                  [33mstyle[39m=[32m"width: 100%; 
height: 100%; object-fit: contain;"[39m
                [36m/>[39m
              [36m</div>[39m
              [36m<div[39m
                [33mstyle[39m=[32m"margin: 1rem 
0px; font-size: 0.9rem; color: rgb(85, 85, 85);"[39m
              [36m>[39m
                [36m<p[39m
                  [33mstyle[39m=[32m"margin-bottom: 
0.5rem;"[39m
                [36m>[39m
                  [0mScanning this QR will 
automatically request [0m
                  [36m<strong>[39m
                    [0mΓé╣[0m
                    [0m135[0m
                  [36m</strong>[39m
                  [0m.[0m
                [36m</p>[39m
                [36m<a[39m
                  [33mhref[39m=[32m"upi://pay?pa=shu
bhamreddy9172-2@okaxis&pn=TheDreamyBowl&am=135&cu=INR"
[39m
                  [33mstyle[39m=[32m"color: 
var(--primary); font-weight: bold; text-decoration: 
underline;"[39m
                [36m>[39m
                  [0mTap to Pay on Mobile[0m
                [36m</a>[39m
              [36m</div>[39m
              [36m<button[39m
                [33mstyle[39m=[32m"background: 
var(--success); color: white; width: 100%; padding: 
1rem; border-radius: 12px; font-size: 1.1rem; 
font-weight: 700; margin: 1rem 0px; border: medium; 
cursor: pointer; box-shadow: 0 4px 12px rgba(72, 187, 
120, 0.3);"[39m
              [36m>[39m
                [0mI Have Paid Γ£à[0m
              [36m</button>[39m
              [36m<button[39m
                [33mstyle[39m=[32m"color: 
var(--dark); text-decoration: underline; font-size: 
0.9rem; margin-top: 0.5rem; opacity: 1; cursor: 
pointer;"[39m
              [36m>[39m
                [0mBack[0m
              [36m</button>[39m
            [36m</div>[39m
          [36m</div>[39m
        [36m</div>[39m
      [36m</div>[39m
      [36m<div[39m
        [33mdata-testid[39m=[32m"upsell-modal"[39m
      [36m>[39m
        [36m<button>[39m
          [0mAdd Upsell[0m
        [36m</button>[39m
        [36m<button>[39m
          [0mSkip[0m
        [36m</button>[39m
      [36m</div>[39m
    [36m</div>[39m
  [36m</body>[39m
[36m</html>[39m
[90m [2mΓ¥»[22m Proxy.waitForWrapper node_modules/@t
esting-library/dom/dist/wait-for.js:[2m163:27[22m[39
m
[36m [2mΓ¥»[22m completeCheckout src/components/__te
sts__/CartModal.test.jsx:[2m456:19[22m[39m
    [90m454| [39m            })[33m;[39m
    [90m455| [39m
    [90m456| [39m            [35mawait[39m 
[34mwaitFor[39m(() [33m=>[39m {
    [90m   | [39m                  [31m^[39m
    [90m457| [39m                const confirmButton 
= screen.getByText(/Confirm PaymenΓÇª
    [90m458| [39m                fireEvent[33m.[39m
[34mclick[39m(confirmButton)[33m;[39m
[90m [2mΓ¥»[22m src/components/__tests__/CartModal.t
est.jsx:[2m469:13[22m[39m

[31m[2mΓÄ»ΓÄ»ΓÄ»ΓÄ»ΓÄ»ΓÄ»ΓÄ»ΓÄ»ΓÄ»ΓÄ»ΓÄ»ΓÄ»ΓÄ»ΓÄ»ΓÄ»Γ
Ä»ΓÄ»ΓÄ»ΓÄ»ΓÄ»ΓÄ»ΓÄ»ΓÄ»[5/10]ΓÄ»[22m[39m

[41m[1m FAIL [22m[49m 
src/components/__tests__/CartModal.test.jsx[2m > 
[22mCartModal[2m > [22mOrder Creation[2m > 
[22mshould award loyalty points after order
[31m[1mTestingLibraryElementError[22m[39m: Unable 
to find an element with the text: /Confirm Payment/i. 
This could be because the text is broken up by 
multiple elements. In this case, you can provide a 
function for your text matcher to make your matcher 
more flexible.

Ignored nodes: comments, script, style
[36m<body>[39m
  [36m<div>[39m
    [36m<div[39m
      [33mstyle[39m=[32m"position: fixed; top: 0px; 
left: 0px; right: 0px; bottom: 0px; background: 
rgba(0, 0, 0, 0.5); z-index: 1000; display: flex; 
align-items: flex-end;"[39m
    [36m>[39m
      [36m<div[39m
        [33mstyle[39m=[32m"background: 
var(--bg-light); width: 100%; max-height: 90vh; 
border-top-left-radius: 24px; border-top-right-radius: 
24px; display: flex; flex-direction: column; 
animation: slideUp 0.3s ease-out;"[39m
      [36m>[39m
        [36m<div[39m
          [33mstyle[39m=[32m"padding: 1.5rem; 
border-bottom: 1px solid rgb(238, 238, 238); display: 
flex; justify-content: space-between; align-items: 
center; background: var(--white); 
border-top-left-radius: 24px; border-top-right-radius: 
24px;"[39m
        [36m>[39m
          [36m<h3>[39m
            [0mPayment ≡ƒÆ╕[0m
          [36m</h3>[39m
          [36m<button>[39m
            [36m<svg[39m
              [33maria-hidden[39m=[32m"true"[39m
              [33mclass[39m=[32m"lucide 
lucide-x"[39m
              [33mfill[39m=[32m"none"[39m
              [33mheight[39m=[32m"24"[39m
              [33mstroke[39m=[32m"currentColor"[39m
              
[33mstroke-linecap[39m=[32m"round"[39m
              
[33mstroke-linejoin[39m=[32m"round"[39m
              [33mstroke-width[39m=[32m"2"[39m
              [33mviewBox[39m=[32m"0 0 24 24"[39m
              [33mwidth[39m=[32m"24"[39m
              
[33mxmlns[39m=[32m"http://www.w3.org/2000/svg"[39m
            [36m>[39m
              [36m<path[39m
                [33md[39m=[32m"M18 6 6 18"[39m
              [36m/>[39m
              [36m<path[39m
                [33md[39m=[32m"m6 6 12 12"[39m
              [36m/>[39m
            [36m</svg>[39m
          [36m</button>[39m
        [36m</div>[39m
        [36m<div[39m
          [33mstyle[39m=[32m"padding: 1.5rem; 
overflow-y: auto; flex: 1 1 0%;"[39m
        [36m>[39m
          [36m<div[39m
            [33mstyle[39m=[32m"text-align: center; 
padding: 1rem; background: white; border-radius: 16px; 
border: 1px solid var(--border-light);"[39m
          [36m>[39m
            [36m<h3[39m
              [33mstyle[39m=[32m"margin-bottom: 
1rem;"[39m
            [36m>[39m
              [0mPay Γé╣[0m
              [0m135[0m
            [36m</h3>[39m
            [36m<div[39m
              [33mstyle[39m=[32m"width: 200px; 
height: 200px; background: var(--bg-light); margin: 
0px auto; display: flex; align-items: center; 
justify-content: center; border-radius: 12px; 
overflow: hidden;"[39m
            [36m>[39m
              [36m<img[39m
                [33malt[39m=[32m"Scan to Pay"[39m
                [33msrc[39m=[32m"https://api.qrserve
r.com/v1/create-qr-code/?size=250x250&data=upi%3A%2F%2F
pay%3Fpa%3Dshubhamreddy9172-2%40okaxis%26pn%3DTheDreamy
Bowl%26am%3D135%26cu%3DINR"[39m
                [33mstyle[39m=[32m"width: 100%; 
height: 100%; object-fit: contain;"[39m
              [36m/>[39m
            [36m</div>[39m
            [36m<div[39m
              [33mstyle[39m=[32m"margin: 1rem 0px; 
font-size: 0.9rem; color: rgb(85, 85, 85);"[39m
            [36m>[39m
              [36m<p[39m
                [33mstyle[39m=[32m"margin-bottom: 
0.5rem;"[39m
              [36m>[39m
                [0mScanning this QR will 
automatically request [0m
                [36m<strong>[39m
                  [0mΓé╣[0m
                  [0m135[0m
                [36m</strong>[39m
                [0m.[0m
              [36m</p>[39m
              [36m<a[39m
                [33mhref[39m=[32m"upi://pay?pa=shubh
amreddy9172-2@okaxis&pn=TheDreamyBowl&am=135&cu=INR"[3
9m
                [33mstyle[39m=[32m"color: 
var(--primary); font-weight: bold; text-decoration: 
underline;"[39m
              [36m>[39m
                [0mTap to Pay on Mobile[0m
              [36m</a>[39m
            [36m</div>[39m
            [36m<button[39m
              [33mstyle[39m=[32m"background: 
var(--success); color: white; width: 100%; padding: 
1rem; border-radius: 12px; font-size: 1.1rem; 
font-weight: 700; margin: 1rem 0px; border: medium; 
cursor: pointer; box-shadow: 0 4px 12px rgba(72, 187, 
120, 0.3);"[39m
            [36m>[39m
              [0mI Have Paid Γ£à[0m
            [36m</button>[39m
            [36m<button[39m
              [33mstyle[39m=[32m"color: 
var(--dark); text-decoration: underline; font-size: 
0.9rem; margin-top: 0.5rem; opacity: 1; cursor: 
pointer;"[39m
            [36m>[39m
              [0mBack[0m
            [36m</button>[39m
          [36m</div>[39m
        [36m</div>[39m
      [36m</div>[39m
    [36m</div>[39m
    [36m<div[39m
      [33mdata-testid[39m=[32m"upsell-modal"[39m
    [36m>[39m
      [36m<button>[39m
        [0mAdd Upsell[0m
      [36m</button>[39m
      [36m<button>[39m
        [0mSkip[0m
      [36m</button>[39m
    [36m</div>[39m
  [36m</div>[39m
[36m</body>[39m

Ignored nodes: comments, script, style
[36m<html>[39m
  [36m<head />[39m
  [36m<body>[39m
    [36m<div>[39m
      [36m<div[39m
        [33mstyle[39m=[32m"position: fixed; top: 
0px; left: 0px; right: 0px; bottom: 0px; background: 
rgba(0, 0, 0, 0.5); z-index: 1000; display: flex; 
align-items: flex-end;"[39m
      [36m>[39m
        [36m<div[39m
          [33mstyle[39m=[32m"background: 
var(--bg-light); width: 100%; max-height: 90vh; 
border-top-left-radius: 24px; border-top-right-radius: 
24px; display: flex; flex-direction: column; 
animation: slideUp 0.3s ease-out;"[39m
        [36m>[39m
          [36m<div[39m
            [33mstyle[39m=[32m"padding: 1.5rem; 
border-bottom: 1px solid rgb(238, 238, 238); display: 
flex; justify-content: space-between; align-items: 
center; background: var(--white); 
border-top-left-radius: 24px; border-top-right-radius: 
24px;"[39m
          [36m>[39m
            [36m<h3>[39m
              [0mPayment ≡ƒÆ╕[0m
            [36m</h3>[39m
            [36m<button>[39m
              [36m<svg[39m
                [33maria-hidden[39m=[32m"true"[39m
                [33mclass[39m=[32m"lucide 
lucide-x"[39m
                [33mfill[39m=[32m"none"[39m
                [33mheight[39m=[32m"24"[39m
                
[33mstroke[39m=[32m"currentColor"[39m
                
[33mstroke-linecap[39m=[32m"round"[39m
                
[33mstroke-linejoin[39m=[32m"round"[39m
                [33mstroke-width[39m=[32m"2"[39m
                [33mviewBox[39m=[32m"0 0 24 24"[39m
                [33mwidth[39m=[32m"24"[39m
                
[33mxmlns[39m=[32m"http://www.w3.org/2000/svg"[39m
              [36m>[39m
                [36m<path[39m
                  [33md[39m=[32m"M18 6 6 18"[39m
                [36m/>[39m
                [36m<path[39m
                  [33md[39m=[32m"m6 6 12 12"[39m
                [36m/>[39m
              [36m</svg>[39m
            [36m</button>[39m
          [36m</div>[39m
          [36m<div[39m
            [33mstyle[39m=[32m"padding: 1.5rem; 
overflow-y: auto; flex: 1 1 0%;"[39m
          [36m>[39m
            [36m<div[39m
              [33mstyle[39m=[32m"text-align: 
center; padding: 1rem; background: white; 
border-radius: 16px; border: 1px solid 
var(--border-light);"[39m
            [36m>[39m
              [36m<h3[39m
                [33mstyle[39m=[32m"margin-bottom: 
1rem;"[39m
              [36m>[39m
                [0mPay Γé╣[0m
                [0m135[0m
              [36m</h3>[39m
              [36m<div[39m
                [33mstyle[39m=[32m"width: 200px; 
height: 200px; background: var(--bg-light); margin: 
0px auto; display: flex; align-items: center; 
justify-content: center; border-radius: 12px; 
overflow: hidden;"[39m
              [36m>[39m
                [36m<img[39m
                  [33malt[39m=[32m"Scan to Pay"[39m
                  [33msrc[39m=[32m"https://api.qrser
ver.com/v1/create-qr-code/?size=250x250&data=upi%3A%2F%
2Fpay%3Fpa%3Dshubhamreddy9172-2%40okaxis%26pn%3DTheDrea
myBowl%26am%3D135%26cu%3DINR"[39m
                  [33mstyle[39m=[32m"width: 100%; 
height: 100%; object-fit: contain;"[39m
                [36m/>[39m
              [36m</div>[39m
              [36m<div[39m
                [33mstyle[39m=[32m"margin: 1rem 
0px; font-size: 0.9rem; color: rgb(85, 85, 85);"[39m
              [36m>[39m
                [36m<p[39m
                  [33mstyle[39m=[32m"margin-bottom: 
0.5rem;"[39m
                [36m>[39m
                  [0mScanning this QR will 
automatically request [0m
                  [36m<strong>[39m
                    [0mΓé╣[0m
                    [0m135[0m
                  [36m</strong>[39m
                  [0m.[0m
                [36m</p>[39m
                [36m<a[39m
                  [33mhref[39m=[32m"upi://pay?pa=shu
bhamreddy9172-2@okaxis&pn=TheDreamyBowl&am=135&cu=INR"
[39m
                  [33mstyle[39m=[32m"color: 
var(--primary); font-weight: bold; text-decoration: 
underline;"[39m
                [36m>[39m
                  [0mTap to Pay on Mobile[0m
                [36m</a>[39m
              [36m</div>[39m
              [36m<button[39m
                [33mstyle[39m=[32m"background: 
var(--success); color: white; width: 100%; padding: 
1rem; border-radius: 12px; font-size: 1.1rem; 
font-weight: 700; margin: 1rem 0px; border: medium; 
cursor: pointer; box-shadow: 0 4px 12px rgba(72, 187, 
120, 0.3);"[39m
              [36m>[39m
                [0mI Have Paid Γ£à[0m
              [36m</button>[39m
              [36m<button[39m
                [33mstyle[39m=[32m"color: 
var(--dark); text-decoration: underline; font-size: 
0.9rem; margin-top: 0.5rem; opacity: 1; cursor: 
pointer;"[39m
              [36m>[39m
                [0mBack[0m
              [36m</button>[39m
            [36m</div>[39m
          [36m</div>[39m
        [36m</div>[39m
      [36m</div>[39m
      [36m<div[39m
        [33mdata-testid[39m=[32m"upsell-modal"[39m
      [36m>[39m
        [36m<button>[39m
          [0mAdd Upsell[0m
        [36m</button>[39m
        [36m<button>[39m
          [0mSkip[0m
        [36m</button>[39m
      [36m</div>[39m
    [36m</div>[39m
  [36m</body>[39m
[36m</html>[39m
[90m [2mΓ¥»[22m Proxy.waitForWrapper node_modules/@t
esting-library/dom/dist/wait-for.js:[2m163:27[22m[39
m
[36m [2mΓ¥»[22m completeCheckout src/components/__te
sts__/CartModal.test.jsx:[2m456:19[22m[39m
    [90m454| [39m            })[33m;[39m
    [90m455| [39m
    [90m456| [39m            [35mawait[39m 
[34mwaitFor[39m(() [33m=>[39m {
    [90m   | [39m                  [31m^[39m
    [90m457| [39m                const confirmButton 
= screen.getByText(/Confirm PaymenΓÇª
    [90m458| [39m                fireEvent[33m.[39m
[34mclick[39m(confirmButton)[33m;[39m
[90m [2mΓ¥»[22m src/components/__tests__/CartModal.t
est.jsx:[2m485:13[22m[39m

[31m[2mΓÄ»ΓÄ»ΓÄ»ΓÄ»ΓÄ»ΓÄ»ΓÄ»ΓÄ»ΓÄ»ΓÄ»ΓÄ»ΓÄ»ΓÄ»ΓÄ»ΓÄ»Γ
Ä»ΓÄ»ΓÄ»ΓÄ»ΓÄ»ΓÄ»ΓÄ»ΓÄ»[6/10]ΓÄ»[22m[39m

[41m[1m FAIL [22m[49m 
src/components/__tests__/CartModal.test.jsx[2m > 
[22mCartModal[2m > [22mOrder Creation[2m > 
[22mshould clear cart after successful order
[31m[1mTestingLibraryElementError[22m[39m: Unable 
to find an element with the text: /Confirm Payment/i. 
This could be because the text is broken up by 
multiple elements. In this case, you can provide a 
function for your text matcher to make your matcher 
more flexible.

Ignored nodes: comments, script, style
[36m<body>[39m
  [36m<div>[39m
    [36m<div[39m
      [33mstyle[39m=[32m"position: fixed; top: 0px; 
left: 0px; right: 0px; bottom: 0px; background: 
rgba(0, 0, 0, 0.5); z-index: 1000; display: flex; 
align-items: flex-end;"[39m
    [36m>[39m
      [36m<div[39m
        [33mstyle[39m=[32m"background: 
var(--bg-light); width: 100%; max-height: 90vh; 
border-top-left-radius: 24px; border-top-right-radius: 
24px; display: flex; flex-direction: column; 
animation: slideUp 0.3s ease-out;"[39m
      [36m>[39m
        [36m<div[39m
          [33mstyle[39m=[32m"padding: 1.5rem; 
border-bottom: 1px solid rgb(238, 238, 238); display: 
flex; justify-content: space-between; align-items: 
center; background: var(--white); 
border-top-left-radius: 24px; border-top-right-radius: 
24px;"[39m
        [36m>[39m
          [36m<h3>[39m
            [0mPayment ≡ƒÆ╕[0m
          [36m</h3>[39m
          [36m<button>[39m
            [36m<svg[39m
              [33maria-hidden[39m=[32m"true"[39m
              [33mclass[39m=[32m"lucide 
lucide-x"[39m
              [33mfill[39m=[32m"none"[39m
              [33mheight[39m=[32m"24"[39m
              [33mstroke[39m=[32m"currentColor"[39m
              
[33mstroke-linecap[39m=[32m"round"[39m
              
[33mstroke-linejoin[39m=[32m"round"[39m
              [33mstroke-width[39m=[32m"2"[39m
              [33mviewBox[39m=[32m"0 0 24 24"[39m
              [33mwidth[39m=[32m"24"[39m
              
[33mxmlns[39m=[32m"http://www.w3.org/2000/svg"[39m
            [36m>[39m
              [36m<path[39m
                [33md[39m=[32m"M18 6 6 18"[39m
              [36m/>[39m
              [36m<path[39m
                [33md[39m=[32m"m6 6 12 12"[39m
              [36m/>[39m
            [36m</svg>[39m
          [36m</button>[39m
        [36m</div>[39m
        [36m<div[39m
          [33mstyle[39m=[32m"padding: 1.5rem; 
overflow-y: auto; flex: 1 1 0%;"[39m
        [36m>[39m
          [36m<div[39m
            [33mstyle[39m=[32m"text-align: center; 
padding: 1rem; background: white; border-radius: 16px; 
border: 1px solid var(--border-light);"[39m
          [36m>[39m
            [36m<h3[39m
              [33mstyle[39m=[32m"margin-bottom: 
1rem;"[39m
            [36m>[39m
              [0mPay Γé╣[0m
              [0m135[0m
            [36m</h3>[39m
            [36m<div[39m
              [33mstyle[39m=[32m"width: 200px; 
height: 200px; background: var(--bg-light); margin: 
0px auto; display: flex; align-items: center; 
justify-content: center; border-radius: 12px; 
overflow: hidden;"[39m
            [36m>[39m
              [36m<img[39m
                [33malt[39m=[32m"Scan to Pay"[39m
                [33msrc[39m=[32m"https://api.qrserve
r.com/v1/create-qr-code/?size=250x250&data=upi%3A%2F%2F
pay%3Fpa%3Dshubhamreddy9172-2%40okaxis%26pn%3DTheDreamy
Bowl%26am%3D135%26cu%3DINR"[39m
                [33mstyle[39m=[32m"width: 100%; 
height: 100%; object-fit: contain;"[39m
              [36m/>[39m
            [36m</div>[39m
            [36m<div[39m
              [33mstyle[39m=[32m"margin: 1rem 0px; 
font-size: 0.9rem; color: rgb(85, 85, 85);"[39m
            [36m>[39m
              [36m<p[39m
                [33mstyle[39m=[32m"margin-bottom: 
0.5rem;"[39m
              [36m>[39m
                [0mScanning this QR will 
automatically request [0m
                [36m<strong>[39m
                  [0mΓé╣[0m
                  [0m135[0m
                [36m</strong>[39m
                [0m.[0m
              [36m</p>[39m
              [36m<a[39m
                [33mhref[39m=[32m"upi://pay?pa=shubh
amreddy9172-2@okaxis&pn=TheDreamyBowl&am=135&cu=INR"[3
9m
                [33mstyle[39m=[32m"color: 
var(--primary); font-weight: bold; text-decoration: 
underline;"[39m
              [36m>[39m
                [0mTap to Pay on Mobile[0m
              [36m</a>[39m
            [36m</div>[39m
            [36m<button[39m
              [33mstyle[39m=[32m"background: 
var(--success); color: white; width: 100%; padding: 
1rem; border-radius: 12px; font-size: 1.1rem; 
font-weight: 700; margin: 1rem 0px; border: medium; 
cursor: pointer; box-shadow: 0 4px 12px rgba(72, 187, 
120, 0.3);"[39m
            [36m>[39m
              [0mI Have Paid Γ£à[0m
            [36m</button>[39m
            [36m<button[39m
              [33mstyle[39m=[32m"color: 
var(--dark); text-decoration: underline; font-size: 
0.9rem; margin-top: 0.5rem; opacity: 1; cursor: 
pointer;"[39m
            [36m>[39m
              [0mBack[0m
            [36m</button>[39m
          [36m</div>[39m
        [36m</div>[39m
      [36m</div>[39m
    [36m</div>[39m
    [36m<div[39m
      [33mdata-testid[39m=[32m"upsell-modal"[39m
    [36m>[39m
      [36m<button>[39m
        [0mAdd Upsell[0m
      [36m</button>[39m
      [36m<button>[39m
        [0mSkip[0m
      [36m</button>[39m
    [36m</div>[39m
  [36m</div>[39m
[36m</body>[39m

Ignored nodes: comments, script, style
[36m<html>[39m
  [36m<head />[39m
  [36m<body>[39m
    [36m<div>[39m
      [36m<div[39m
        [33mstyle[39m=[32m"position: fixed; top: 
0px; left: 0px; right: 0px; bottom: 0px; background: 
rgba(0, 0, 0, 0.5); z-index: 1000; display: flex; 
align-items: flex-end;"[39m
      [36m>[39m
        [36m<div[39m
          [33mstyle[39m=[32m"background: 
var(--bg-light); width: 100%; max-height: 90vh; 
border-top-left-radius: 24px; border-top-right-radius: 
24px; display: flex; flex-direction: column; 
animation: slideUp 0.3s ease-out;"[39m
        [36m>[39m
          [36m<div[39m
            [33mstyle[39m=[32m"padding: 1.5rem; 
border-bottom: 1px solid rgb(238, 238, 238); display: 
flex; justify-content: space-between; align-items: 
center; background: var(--white); 
border-top-left-radius: 24px; border-top-right-radius: 
24px;"[39m
          [36m>[39m
            [36m<h3>[39m
              [0mPayment ≡ƒÆ╕[0m
            [36m</h3>[39m
            [36m<button>[39m
              [36m<svg[39m
                [33maria-hidden[39m=[32m"true"[39m
                [33mclass[39m=[32m"lucide 
lucide-x"[39m
                [33mfill[39m=[32m"none"[39m
                [33mheight[39m=[32m"24"[39m
                
[33mstroke[39m=[32m"currentColor"[39m
                
[33mstroke-linecap[39m=[32m"round"[39m
                
[33mstroke-linejoin[39m=[32m"round"[39m
                [33mstroke-width[39m=[32m"2"[39m
                [33mviewBox[39m=[32m"0 0 24 24"[39m
                [33mwidth[39m=[32m"24"[39m
                
[33mxmlns[39m=[32m"http://www.w3.org/2000/svg"[39m
              [36m>[39m
                [36m<path[39m
                  [33md[39m=[32m"M18 6 6 18"[39m
                [36m/>[39m
                [36m<path[39m
                  [33md[39m=[32m"m6 6 12 12"[39m
                [36m/>[39m
              [36m</svg>[39m
            [36m</button>[39m
          [36m</div>[39m
          [36m<div[39m
            [33mstyle[39m=[32m"padding: 1.5rem; 
overflow-y: auto; flex: 1 1 0%;"[39m
          [36m>[39m
            [36m<div[39m
              [33mstyle[39m=[32m"text-align: 
center; padding: 1rem; background: white; 
border-radius: 16px; border: 1px solid 
var(--border-light);"[39m
            [36m>[39m
              [36m<h3[39m
                [33mstyle[39m=[32m"margin-bottom: 
1rem;"[39m
              [36m>[39m
                [0mPay Γé╣[0m
                [0m135[0m
              [36m</h3>[39m
              [36m<div[39m
                [33mstyle[39m=[32m"width: 200px; 
height: 200px; background: var(--bg-light); margin: 
0px auto; display: flex; align-items: center; 
justify-content: center; border-radius: 12px; 
overflow: hidden;"[39m
              [36m>[39m
                [36m<img[39m
                  [33malt[39m=[32m"Scan to Pay"[39m
                  [33msrc[39m=[32m"https://api.qrser
ver.com/v1/create-qr-code/?size=250x250&data=upi%3A%2F%
2Fpay%3Fpa%3Dshubhamreddy9172-2%40okaxis%26pn%3DTheDrea
myBowl%26am%3D135%26cu%3DINR"[39m
                  [33mstyle[39m=[32m"width: 100%; 
height: 100%; object-fit: contain;"[39m
                [36m/>[39m
              [36m</div>[39m
              [36m<div[39m
                [33mstyle[39m=[32m"margin: 1rem 
0px; font-size: 0.9rem; color: rgb(85, 85, 85);"[39m
              [36m>[39m
                [36m<p[39m
                  [33mstyle[39m=[32m"margin-bottom: 
0.5rem;"[39m
                [36m>[39m
                  [0mScanning this QR will 
automatically request [0m
                  [36m<strong>[39m
                    [0mΓé╣[0m
                    [0m135[0m
                  [36m</strong>[39m
                  [0m.[0m
                [36m</p>[39m
                [36m<a[39m
                  [33mhref[39m=[32m"upi://pay?pa=shu
bhamreddy9172-2@okaxis&pn=TheDreamyBowl&am=135&cu=INR"
[39m
                  [33mstyle[39m=[32m"color: 
var(--primary); font-weight: bold; text-decoration: 
underline;"[39m
                [36m>[39m
                  [0mTap to Pay on Mobile[0m
                [36m</a>[39m
              [36m</div>[39m
              [36m<button[39m
                [33mstyle[39m=[32m"background: 
var(--success); color: white; width: 100%; padding: 
1rem; border-radius: 12px; font-size: 1.1rem; 
font-weight: 700; margin: 1rem 0px; border: medium; 
cursor: pointer; box-shadow: 0 4px 12px rgba(72, 187, 
120, 0.3);"[39m
              [36m>[39m
                [0mI Have Paid Γ£à[0m
              [36m</button>[39m
              [36m<button[39m
                [33mstyle[39m=[32m"color: 
var(--dark); text-decoration: underline; font-size: 
0.9rem; margin-top: 0.5rem; opacity: 1; cursor: 
pointer;"[39m
              [36m>[39m
                [0mBack[0m
              [36m</button>[39m
            [36m</div>[39m
          [36m</div>[39m
        [36m</div>[39m
      [36m</div>[39m
      [36m<div[39m
        [33mdata-testid[39m=[32m"upsell-modal"[39m
      [36m>[39m
        [36m<button>[39m
          [0mAdd Upsell[0m
        [36m</button>[39m
        [36m<button>[39m
          [0mSkip[0m
        [36m</button>[39m
      [36m</div>[39m
    [36m</div>[39m
  [36m</body>[39m
[36m</html>[39m
[90m [2mΓ¥»[22m Proxy.waitForWrapper node_modules/@t
esting-library/dom/dist/wait-for.js:[2m163:27[22m[39
m
[36m [2mΓ¥»[22m completeCheckout src/components/__te
sts__/CartModal.test.jsx:[2m456:19[22m[39m
    [90m454| [39m            })[33m;[39m
    [90m455| [39m
    [90m456| [39m            [35mawait[39m 
[34mwaitFor[39m(() [33m=>[39m {
    [90m   | [39m                  [31m^[39m
    [90m457| [39m                const confirmButton 
= screen.getByText(/Confirm PaymenΓÇª
    [90m458| [39m                fireEvent[33m.[39m
[34mclick[39m(confirmButton)[33m;[39m
[90m [2mΓ¥»[22m src/components/__tests__/CartModal.t
est.jsx:[2m497:13[22m[39m

[31m[2mΓÄ»ΓÄ»ΓÄ»ΓÄ»ΓÄ»ΓÄ»ΓÄ»ΓÄ»ΓÄ»ΓÄ»ΓÄ»ΓÄ»ΓÄ»ΓÄ»ΓÄ»Γ
Ä»ΓÄ»ΓÄ»ΓÄ»ΓÄ»ΓÄ»ΓÄ»ΓÄ»[7/10]ΓÄ»[22m[39m

[41m[1m FAIL [22m[49m 
src/components/__tests__/CartModal.test.jsx[2m > 
[22mCartModal[2m > [22mOrder Creation[2m > 
[22mshould show success message
[31m[1mTestingLibraryElementError[22m[39m: Unable 
to find an element with the text: /Confirm Payment/i. 
This could be because the text is broken up by 
multiple elements. In this case, you can provide a 
function for your text matcher to make your matcher 
more flexible.

Ignored nodes: comments, script, style
[36m<body>[39m
  [36m<div>[39m
    [36m<div[39m
      [33mstyle[39m=[32m"position: fixed; top: 0px; 
left: 0px; right: 0px; bottom: 0px; background: 
rgba(0, 0, 0, 0.5); z-index: 1000; display: flex; 
align-items: flex-end;"[39m
    [36m>[39m
      [36m<div[39m
        [33mstyle[39m=[32m"background: 
var(--bg-light); width: 100%; max-height: 90vh; 
border-top-left-radius: 24px; border-top-right-radius: 
24px; display: flex; flex-direction: column; 
animation: slideUp 0.3s ease-out;"[39m
      [36m>[39m
        [36m<div[39m
          [33mstyle[39m=[32m"padding: 1.5rem; 
border-bottom: 1px solid rgb(238, 238, 238); display: 
flex; justify-content: space-between; align-items: 
center; background: var(--white); 
border-top-left-radius: 24px; border-top-right-radius: 
24px;"[39m
        [36m>[39m
          [36m<h3>[39m
            [0mPayment ≡ƒÆ╕[0m
          [36m</h3>[39m
          [36m<button>[39m
            [36m<svg[39m
              [33maria-hidden[39m=[32m"true"[39m
              [33mclass[39m=[32m"lucide 
lucide-x"[39m
              [33mfill[39m=[32m"none"[39m
              [33mheight[39m=[32m"24"[39m
              [33mstroke[39m=[32m"currentColor"[39m
              
[33mstroke-linecap[39m=[32m"round"[39m
              
[33mstroke-linejoin[39m=[32m"round"[39m
              [33mstroke-width[39m=[32m"2"[39m
              [33mviewBox[39m=[32m"0 0 24 24"[39m
              [33mwidth[39m=[32m"24"[39m
              
[33mxmlns[39m=[32m"http://www.w3.org/2000/svg"[39m
            [36m>[39m
              [36m<path[39m
                [33md[39m=[32m"M18 6 6 18"[39m
              [36m/>[39m
              [36m<path[39m
                [33md[39m=[32m"m6 6 12 12"[39m
              [36m/>[39m
            [36m</svg>[39m
          [36m</button>[39m
        [36m</div>[39m
        [36m<div[39m
          [33mstyle[39m=[32m"padding: 1.5rem; 
overflow-y: auto; flex: 1 1 0%;"[39m
        [36m>[39m
          [36m<div[39m
            [33mstyle[39m=[32m"text-align: center; 
padding: 1rem; background: white; border-radius: 16px; 
border: 1px solid var(--border-light);"[39m
          [36m>[39m
            [36m<h3[39m
              [33mstyle[39m=[32m"margin-bottom: 
1rem;"[39m
            [36m>[39m
              [0mPay Γé╣[0m
              [0m135[0m
            [36m</h3>[39m
            [36m<div[39m
              [33mstyle[39m=[32m"width: 200px; 
height: 200px; background: var(--bg-light); margin: 
0px auto; display: flex; align-items: center; 
justify-content: center; border-radius: 12px; 
overflow: hidden;"[39m
            [36m>[39m
              [36m<img[39m
                [33malt[39m=[32m"Scan to Pay"[39m
                [33msrc[39m=[32m"https://api.qrserve
r.com/v1/create-qr-code/?size=250x250&data=upi%3A%2F%2F
pay%3Fpa%3Dshubhamreddy9172-2%40okaxis%26pn%3DTheDreamy
Bowl%26am%3D135%26cu%3DINR"[39m
                [33mstyle[39m=[32m"width: 100%; 
height: 100%; object-fit: contain;"[39m
              [36m/>[39m
            [36m</div>[39m
            [36m<div[39m
              [33mstyle[39m=[32m"margin: 1rem 0px; 
font-size: 0.9rem; color: rgb(85, 85, 85);"[39m
            [36m>[39m
              [36m<p[39m
                [33mstyle[39m=[32m"margin-bottom: 
0.5rem;"[39m
              [36m>[39m
                [0mScanning this QR will 
automatically request [0m
                [36m<strong>[39m
                  [0mΓé╣[0m
                  [0m135[0m
                [36m</strong>[39m
                [0m.[0m
              [36m</p>[39m
              [36m<a[39m
                [33mhref[39m=[32m"upi://pay?pa=shubh
amreddy9172-2@okaxis&pn=TheDreamyBowl&am=135&cu=INR"[3
9m
                [33mstyle[39m=[32m"color: 
var(--primary); font-weight: bold; text-decoration: 
underline;"[39m
              [36m>[39m
                [0mTap to Pay on Mobile[0m
              [36m</a>[39m
            [36m</div>[39m
            [36m<button[39m
              [33mstyle[39m=[32m"background: 
var(--success); color: white; width: 100%; padding: 
1rem; border-radius: 12px; font-size: 1.1rem; 
font-weight: 700; margin: 1rem 0px; border: medium; 
cursor: pointer; box-shadow: 0 4px 12px rgba(72, 187, 
120, 0.3);"[39m
            [36m>[39m
              [0mI Have Paid Γ£à[0m
            [36m</button>[39m
            [36m<button[39m
              [33mstyle[39m=[32m"color: 
var(--dark); text-decoration: underline; font-size: 
0.9rem; margin-top: 0.5rem; opacity: 1; cursor: 
pointer;"[39m
            [36m>[39m
              [0mBack[0m
            [36m</button>[39m
          [36m</div>[39m
        [36m</div>[39m
      [36m</div>[39m
    [36m</div>[39m
    [36m<div[39m
      [33mdata-testid[39m=[32m"upsell-modal"[39m
    [36m>[39m
      [36m<button>[39m
        [0mAdd Upsell[0m
      [36m</button>[39m
      [36m<button>[39m
        [0mSkip[0m
      [36m</button>[39m
    [36m</div>[39m
  [36m</div>[39m
[36m</body>[39m

Ignored nodes: comments, script, style
[36m<html>[39m
  [36m<head />[39m
  [36m<body>[39m
    [36m<div>[39m
      [36m<div[39m
        [33mstyle[39m=[32m"position: fixed; top: 
0px; left: 0px; right: 0px; bottom: 0px; background: 
rgba(0, 0, 0, 0.5); z-index: 1000; display: flex; 
align-items: flex-end;"[39m
      [36m>[39m
        [36m<div[39m
          [33mstyle[39m=[32m"background: 
var(--bg-light); width: 100%; max-height: 90vh; 
border-top-left-radius: 24px; border-top-right-radius: 
24px; display: flex; flex-direction: column; 
animation: slideUp 0.3s ease-out;"[39m
        [36m>[39m
          [36m<div[39m
            [33mstyle[39m=[32m"padding: 1.5rem; 
border-bottom: 1px solid rgb(238, 238, 238); display: 
flex; justify-content: space-between; align-items: 
center; background: var(--white); 
border-top-left-radius: 24px; border-top-right-radius: 
24px;"[39m
          [36m>[39m
            [36m<h3>[39m
              [0mPayment ≡ƒÆ╕[0m
            [36m</h3>[39m
            [36m<button>[39m
              [36m<svg[39m
                [33maria-hidden[39m=[32m"true"[39m
                [33mclass[39m=[32m"lucide 
lucide-x"[39m
                [33mfill[39m=[32m"none"[39m
                [33mheight[39m=[32m"24"[39m
                
[33mstroke[39m=[32m"currentColor"[39m
                
[33mstroke-linecap[39m=[32m"round"[39m
                
[33mstroke-linejoin[39m=[32m"round"[39m
                [33mstroke-width[39m=[32m"2"[39m
                [33mviewBox[39m=[32m"0 0 24 24"[39m
                [33mwidth[39m=[32m"24"[39m
                
[33mxmlns[39m=[32m"http://www.w3.org/2000/svg"[39m
              [36m>[39m
                [36m<path[39m
                  [33md[39m=[32m"M18 6 6 18"[39m
                [36m/>[39m
                [36m<path[39m
                  [33md[39m=[32m"m6 6 12 12"[39m
                [36m/>[39m
              [36m</svg>[39m
            [36m</button>[39m
          [36m</div>[39m
          [36m<div[39m
            [33mstyle[39m=[32m"padding: 1.5rem; 
overflow-y: auto; flex: 1 1 0%;"[39m
          [36m>[39m
            [36m<div[39m
              [33mstyle[39m=[32m"text-align: 
center; padding: 1rem; background: white; 
border-radius: 16px; border: 1px solid 
var(--border-light);"[39m
            [36m>[39m
              [36m<h3[39m
                [33mstyle[39m=[32m"margin-bottom: 
1rem;"[39m
              [36m>[39m
                [0mPay Γé╣[0m
                [0m135[0m
              [36m</h3>[39m
              [36m<div[39m
                [33mstyle[39m=[32m"width: 200px; 
height: 200px; background: var(--bg-light); margin: 
0px auto; display: flex; align-items: center; 
justify-content: center; border-radius: 12px; 
overflow: hidden;"[39m
              [36m>[39m
                [36m<img[39m
                  [33malt[39m=[32m"Scan to Pay"[39m
                  [33msrc[39m=[32m"https://api.qrser
ver.com/v1/create-qr-code/?size=250x250&data=upi%3A%2F%
2Fpay%3Fpa%3Dshubhamreddy9172-2%40okaxis%26pn%3DTheDrea
myBowl%26am%3D135%26cu%3DINR"[39m
                  [33mstyle[39m=[32m"width: 100%; 
height: 100%; object-fit: contain;"[39m
                [36m/>[39m
              [36m</div>[39m
              [36m<div[39m
                [33mstyle[39m=[32m"margin: 1rem 
0px; font-size: 0.9rem; color: rgb(85, 85, 85);"[39m
              [36m>[39m
                [36m<p[39m
                  [33mstyle[39m=[32m"margin-bottom: 
0.5rem;"[39m
                [36m>[39m
                  [0mScanning this QR will 
automatically request [0m
                  [36m<strong>[39m
                    [0mΓé╣[0m
                    [0m135[0m
                  [36m</strong>[39m
                  [0m.[0m
                [36m</p>[39m
                [36m<a[39m
                  [33mhref[39m=[32m"upi://pay?pa=shu
bhamreddy9172-2@okaxis&pn=TheDreamyBowl&am=135&cu=INR"
[39m
                  [33mstyle[39m=[32m"color: 
var(--primary); font-weight: bold; text-decoration: 
underline;"[39m
                [36m>[39m
                  [0mTap to Pay on Mobile[0m
                [36m</a>[39m
              [36m</div>[39m
              [36m<button[39m
                [33mstyle[39m=[32m"background: 
var(--success); color: white; width: 100%; padding: 
1rem; border-radius: 12px; font-size: 1.1rem; 
font-weight: 700; margin: 1rem 0px; border: medium; 
cursor: pointer; box-shadow: 0 4px 12px rgba(72, 187, 
120, 0.3);"[39m
              [36m>[39m
                [0mI Have Paid Γ£à[0m
              [36m</button>[39m
              [36m<button[39m
                [33mstyle[39m=[32m"color: 
var(--dark); text-decoration: underline; font-size: 
0.9rem; margin-top: 0.5rem; opacity: 1; cursor: 
pointer;"[39m
              [36m>[39m
                [0mBack[0m
              [36m</button>[39m
            [36m</div>[39m
          [36m</div>[39m
        [36m</div>[39m
      [36m</div>[39m
      [36m<div[39m
        [33mdata-testid[39m=[32m"upsell-modal"[39m
      [36m>[39m
        [36m<button>[39m
          [0mAdd Upsell[0m
        [36m</button>[39m
        [36m<button>[39m
          [0mSkip[0m
        [36m</button>[39m
      [36m</div>[39m
    [36m</div>[39m
  [36m</body>[39m
[36m</html>[39m
[90m [2mΓ¥»[22m Proxy.waitForWrapper node_modules/@t
esting-library/dom/dist/wait-for.js:[2m163:27[22m[39
m
[36m [2mΓ¥»[22m completeCheckout src/components/__te
sts__/CartModal.test.jsx:[2m456:19[22m[39m
    [90m454| [39m            })[33m;[39m
    [90m455| [39m
    [90m456| [39m            [35mawait[39m 
[34mwaitFor[39m(() [33m=>[39m {
    [90m   | [39m                  [31m^[39m
    [90m457| [39m                const confirmButton 
= screen.getByText(/Confirm PaymenΓÇª
    [90m458| [39m                fireEvent[33m.[39m
[34mclick[39m(confirmButton)[33m;[39m
[90m [2mΓ¥»[22m src/components/__tests__/CartModal.t
est.jsx:[2m505:13[22m[39m

[31m[2mΓÄ»ΓÄ»ΓÄ»ΓÄ»ΓÄ»ΓÄ»ΓÄ»ΓÄ»ΓÄ»ΓÄ»ΓÄ»ΓÄ»ΓÄ»ΓÄ»ΓÄ»Γ
Ä»ΓÄ»ΓÄ»ΓÄ»ΓÄ»ΓÄ»ΓÄ»ΓÄ»[8/10]ΓÄ»[22m[39m

[41m[1m FAIL [22m[49m 
src/components/__tests__/CartModal.test.jsx[2m > 
[22mCartModal[2m > [22mOrder Creation[2m > 
[22mshould handle order creation failure
[31m[1mTestingLibraryElementError[22m[39m: Unable 
to find an element with the text: /Confirm Payment/i. 
This could be because the text is broken up by 
multiple elements. In this case, you can provide a 
function for your text matcher to make your matcher 
more flexible.

Ignored nodes: comments, script, style
[36m<body>[39m
  [36m<div>[39m
    [36m<div[39m
      [33mstyle[39m=[32m"position: fixed; top: 0px; 
left: 0px; right: 0px; bottom: 0px; background: 
rgba(0, 0, 0, 0.5); z-index: 1000; display: flex; 
align-items: flex-end;"[39m
    [36m>[39m
      [36m<div[39m
        [33mstyle[39m=[32m"background: 
var(--bg-light); width: 100%; max-height: 90vh; 
border-top-left-radius: 24px; border-top-right-radius: 
24px; display: flex; flex-direction: column; 
animation: slideUp 0.3s ease-out;"[39m
      [36m>[39m
        [36m<div[39m
          [33mstyle[39m=[32m"padding: 1.5rem; 
border-bottom: 1px solid rgb(238, 238, 238); display: 
flex; justify-content: space-between; align-items: 
center; background: var(--white); 
border-top-left-radius: 24px; border-top-right-radius: 
24px;"[39m
        [36m>[39m
          [36m<h3>[39m
            [0mPayment ≡ƒÆ╕[0m
          [36m</h3>[39m
          [36m<button>[39m
            [36m<svg[39m
              [33maria-hidden[39m=[32m"true"[39m
              [33mclass[39m=[32m"lucide 
lucide-x"[39m
              [33mfill[39m=[32m"none"[39m
              [33mheight[39m=[32m"24"[39m
              [33mstroke[39m=[32m"currentColor"[39m
              
[33mstroke-linecap[39m=[32m"round"[39m
              
[33mstroke-linejoin[39m=[32m"round"[39m
              [33mstroke-width[39m=[32m"2"[39m
              [33mviewBox[39m=[32m"0 0 24 24"[39m
              [33mwidth[39m=[32m"24"[39m
              
[33mxmlns[39m=[32m"http://www.w3.org/2000/svg"[39m
            [36m>[39m
              [36m<path[39m
                [33md[39m=[32m"M18 6 6 18"[39m
              [36m/>[39m
              [36m<path[39m
                [33md[39m=[32m"m6 6 12 12"[39m
              [36m/>[39m
            [36m</svg>[39m
          [36m</button>[39m
        [36m</div>[39m
        [36m<div[39m
          [33mstyle[39m=[32m"padding: 1.5rem; 
overflow-y: auto; flex: 1 1 0%;"[39m
        [36m>[39m
          [36m<div[39m
            [33mstyle[39m=[32m"text-align: center; 
padding: 1rem; background: white; border-radius: 16px; 
border: 1px solid var(--border-light);"[39m
          [36m>[39m
            [36m<h3[39m
              [33mstyle[39m=[32m"margin-bottom: 
1rem;"[39m
            [36m>[39m
              [0mPay Γé╣[0m
              [0m135[0m
            [36m</h3>[39m
            [36m<div[39m
              [33mstyle[39m=[32m"width: 200px; 
height: 200px; background: var(--bg-light); margin: 
0px auto; display: flex; align-items: center; 
justify-content: center; border-radius: 12px; 
overflow: hidden;"[39m
            [36m>[39m
              [36m<img[39m
                [33malt[39m=[32m"Scan to Pay"[39m
                [33msrc[39m=[32m"https://api.qrserve
r.com/v1/create-qr-code/?size=250x250&data=upi%3A%2F%2F
pay%3Fpa%3Dshubhamreddy9172-2%40okaxis%26pn%3DTheDreamy
Bowl%26am%3D135%26cu%3DINR"[39m
                [33mstyle[39m=[32m"width: 100%; 
height: 100%; object-fit: contain;"[39m
              [36m/>[39m
            [36m</div>[39m
            [36m<div[39m
              [33mstyle[39m=[32m"margin: 1rem 0px; 
font-size: 0.9rem; color: rgb(85, 85, 85);"[39m
            [36m>[39m
              [36m<p[39m
                [33mstyle[39m=[32m"margin-bottom: 
0.5rem;"[39m
              [36m>[39m
                [0mScanning this QR will 
automatically request [0m
                [36m<strong>[39m
                  [0mΓé╣[0m
                  [0m135[0m
                [36m</strong>[39m
                [0m.[0m
              [36m</p>[39m
              [36m<a[39m
                [33mhref[39m=[32m"upi://pay?pa=shubh
amreddy9172-2@okaxis&pn=TheDreamyBowl&am=135&cu=INR"[3
9m
                [33mstyle[39m=[32m"color: 
var(--primary); font-weight: bold; text-decoration: 
underline;"[39m
              [36m>[39m
                [0mTap to Pay on Mobile[0m
              [36m</a>[39m
            [36m</div>[39m
            [36m<button[39m
              [33mstyle[39m=[32m"background: 
var(--success); color: white; width: 100%; padding: 
1rem; border-radius: 12px; font-size: 1.1rem; 
font-weight: 700; margin: 1rem 0px; border: medium; 
cursor: pointer; box-shadow: 0 4px 12px rgba(72, 187, 
120, 0.3);"[39m
            [36m>[39m
              [0mI Have Paid Γ£à[0m
            [36m</button>[39m
            [36m<button[39m
              [33mstyle[39m=[32m"color: 
var(--dark); text-decoration: underline; font-size: 
0.9rem; margin-top: 0.5rem; opacity: 1; cursor: 
pointer;"[39m
            [36m>[39m
              [0mBack[0m
            [36m</button>[39m
          [36m</div>[39m
        [36m</div>[39m
      [36m</div>[39m
    [36m</div>[39m
    [36m<div[39m
      [33mdata-testid[39m=[32m"upsell-modal"[39m
    [36m>[39m
      [36m<button>[39m
        [0mAdd Upsell[0m
      [36m</button>[39m
      [36m<button>[39m
        [0mSkip[0m
      [36m</button>[39m
    [36m</div>[39m
  [36m</div>[39m
[36m</body>[39m

Ignored nodes: comments, script, style
[36m<html>[39m
  [36m<head />[39m
  [36m<body>[39m
    [36m<div>[39m
      [36m<div[39m
        [33mstyle[39m=[32m"position: fixed; top: 
0px; left: 0px; right: 0px; bottom: 0px; background: 
rgba(0, 0, 0, 0.5); z-index: 1000; display: flex; 
align-items: flex-end;"[39m
      [36m>[39m
        [36m<div[39m
          [33mstyle[39m=[32m"background: 
var(--bg-light); width: 100%; max-height: 90vh; 
border-top-left-radius: 24px; border-top-right-radius: 
24px; display: flex; flex-direction: column; 
animation: slideUp 0.3s ease-out;"[39m
        [36m>[39m
          [36m<div[39m
            [33mstyle[39m=[32m"padding: 1.5rem; 
border-bottom: 1px solid rgb(238, 238, 238); display: 
flex; justify-content: space-between; align-items: 
center; background: var(--white); 
border-top-left-radius: 24px; border-top-right-radius: 
24px;"[39m
          [36m>[39m
            [36m<h3>[39m
              [0mPayment ≡ƒÆ╕[0m
            [36m</h3>[39m
            [36m<button>[39m
              [36m<svg[39m
                [33maria-hidden[39m=[32m"true"[39m
                [33mclass[39m=[32m"lucide 
lucide-x"[39m
                [33mfill[39m=[32m"none"[39m
                [33mheight[39m=[32m"24"[39m
                
[33mstroke[39m=[32m"currentColor"[39m
                
[33mstroke-linecap[39m=[32m"round"[39m
                
[33mstroke-linejoin[39m=[32m"round"[39m
                [33mstroke-width[39m=[32m"2"[39m
                [33mviewBox[39m=[32m"0 0 24 24"[39m
                [33mwidth[39m=[32m"24"[39m
                
[33mxmlns[39m=[32m"http://www.w3.org/2000/svg"[39m
              [36m>[39m
                [36m<path[39m
                  [33md[39m=[32m"M18 6 6 18"[39m
                [36m/>[39m
                [36m<path[39m
                  [33md[39m=[32m"m6 6 12 12"[39m
                [36m/>[39m
              [36m</svg>[39m
            [36m</button>[39m
          [36m</div>[39m
          [36m<div[39m
            [33mstyle[39m=[32m"padding: 1.5rem; 
overflow-y: auto; flex: 1 1 0%;"[39m
          [36m>[39m
            [36m<div[39m
              [33mstyle[39m=[32m"text-align: 
center; padding: 1rem; background: white; 
border-radius: 16px; border: 1px solid 
var(--border-light);"[39m
            [36m>[39m
              [36m<h3[39m
                [33mstyle[39m=[32m"margin-bottom: 
1rem;"[39m
              [36m>[39m
                [0mPay Γé╣[0m
                [0m135[0m
              [36m</h3>[39m
              [36m<div[39m
                [33mstyle[39m=[32m"width: 200px; 
height: 200px; background: var(--bg-light); margin: 
0px auto; display: flex; align-items: center; 
justify-content: center; border-radius: 12px; 
overflow: hidden;"[39m
              [36m>[39m
                [36m<img[39m
                  [33malt[39m=[32m"Scan to Pay"[39m
                  [33msrc[39m=[32m"https://api.qrser
ver.com/v1/create-qr-code/?size=250x250&data=upi%3A%2F%
2Fpay%3Fpa%3Dshubhamreddy9172-2%40okaxis%26pn%3DTheDrea
myBowl%26am%3D135%26cu%3DINR"[39m
                  [33mstyle[39m=[32m"width: 100%; 
height: 100%; object-fit: contain;"[39m
                [36m/>[39m
              [36m</div>[39m
              [36m<div[39m
                [33mstyle[39m=[32m"margin: 1rem 
0px; font-size: 0.9rem; color: rgb(85, 85, 85);"[39m
              [36m>[39m
                [36m<p[39m
                  [33mstyle[39m=[32m"margin-bottom: 
0.5rem;"[39m
                [36m>[39m
                  [0mScanning this QR will 
automatically request [0m
                  [36m<strong>[39m
                    [0mΓé╣[0m
                    [0m135[0m
                  [36m</strong>[39m
                  [0m.[0m
                [36m</p>[39m
                [36m<a[39m
                  [33mhref[39m=[32m"upi://pay?pa=shu
bhamreddy9172-2@okaxis&pn=TheDreamyBowl&am=135&cu=INR"
[39m
                  [33mstyle[39m=[32m"color: 
var(--primary); font-weight: bold; text-decoration: 
underline;"[39m
                [36m>[39m
                  [0mTap to Pay on Mobile[0m
                [36m</a>[39m
              [36m</div>[39m
              [36m<button[39m
                [33mstyle[39m=[32m"background: 
var(--success); color: white; width: 100%; padding: 
1rem; border-radius: 12px; font-size: 1.1rem; 
font-weight: 700; margin: 1rem 0px; border: medium; 
cursor: pointer; box-shadow: 0 4px 12px rgba(72, 187, 
120, 0.3);"[39m
              [36m>[39m
                [0mI Have Paid Γ£à[0m
              [36m</button>[39m
              [36m<button[39m
                [33mstyle[39m=[32m"color: 
var(--dark); text-decoration: underline; font-size: 
0.9rem; margin-top: 0.5rem; opacity: 1; cursor: 
pointer;"[39m
              [36m>[39m
                [0mBack[0m
              [36m</button>[39m
            [36m</div>[39m
          [36m</div>[39m
        [36m</div>[39m
      [36m</div>[39m
      [36m<div[39m
        [33mdata-testid[39m=[32m"upsell-modal"[39m
      [36m>[39m
        [36m<button>[39m
          [0mAdd Upsell[0m
        [36m</button>[39m
        [36m<button>[39m
          [0mSkip[0m
        [36m</button>[39m
      [36m</div>[39m
    [36m</div>[39m
  [36m</body>[39m
[36m</html>[39m
[90m [2mΓ¥»[22m Proxy.waitForWrapper node_modules/@t
esting-library/dom/dist/wait-for.js:[2m163:27[22m[39
m
[36m [2mΓ¥»[22m completeCheckout src/components/__te
sts__/CartModal.test.jsx:[2m456:19[22m[39m
    [90m454| [39m            })[33m;[39m
    [90m455| [39m
    [90m456| [39m            [35mawait[39m 
[34mwaitFor[39m(() [33m=>[39m {
    [90m   | [39m                  [31m^[39m
    [90m457| [39m                const confirmButton 
= screen.getByText(/Confirm PaymenΓÇª
    [90m458| [39m                fireEvent[33m.[39m
[34mclick[39m(confirmButton)[33m;[39m
[90m [2mΓ¥»[22m src/components/__tests__/CartModal.t
est.jsx:[2m517:13[22m[39m

[31m[2mΓÄ»ΓÄ»ΓÄ»ΓÄ»ΓÄ»ΓÄ»ΓÄ»ΓÄ»ΓÄ»ΓÄ»ΓÄ»ΓÄ»ΓÄ»ΓÄ»ΓÄ»Γ
Ä»ΓÄ»ΓÄ»ΓÄ»ΓÄ»ΓÄ»ΓÄ»ΓÄ»[9/10]ΓÄ»[22m[39m

[41m[1m FAIL [22m[49m 
src/components/__tests__/CartModal.test.jsx[2m > 
[22mCartModal[2m > [22mEdge Cases[2m > [22mshould 
handle missing customer data gracefully
[31m[1mTestingLibraryElementError[22m: Unable to 
find an element with the text: /Proceed to Checkout/i. 
This could be because the text is broken up by 
multiple elements. In this case, you can provide a 
function for your text matcher to make your matcher 
more flexible.

Ignored nodes: comments, script, style
[36m<body>[31m
  [36m<div>[31m
    [36m<div[31m
      [33mstyle[31m=[32m"position: fixed; top: 0px; 
left: 0px; right: 0px; bottom: 0px; background: 
rgba(0, 0, 0, 0.5); z-index: 1000; display: flex; 
align-items: flex-end;"[31m
    [36m>[31m
      [36m<div[31m
        [33mstyle[31m=[32m"background: 
var(--bg-light); width: 100%; max-height: 90vh; 
border-top-left-radius: 24px; border-top-right-radius: 
24px; display: flex; flex-direction: column; 
animation: slideUp 0.3s ease-out;"[31m
      [36m>[31m
        [36m<div[31m
          [33mstyle[31m=[32m"padding: 1.5rem; 
border-bottom: 1px solid rgb(238, 238, 238); display: 
flex; justify-content: space-between; align-items: 
center; background: var(--white); 
border-top-left-radius: 24px; border-top-right-radius: 
24px;"[31m
        [36m>[31m
          [36m<h3>[31m
            [0mYour Cart ≡ƒ¢Æ[0m
          [36m</h3>[31m
          [36m<button>[31m
            [36m<svg[31m
              [33maria-hidden[31m=[32m"true"[31m
              [33mclass[31m=[32m"lucide 
lucide-x"[31m
              [33mfill[31m=[32m"none"[31m
              [33mheight[31m=[32m"24"[31m
              [33mstroke[31m=[32m"currentColor"[31m
              
[33mstroke-linecap[31m=[32m"round"[31m
              
[33mstroke-linejoin[31m=[32m"round"[31m
              [33mstroke-width[31m=[32m"2"[31m
              [33mviewBox[31m=[32m"0 0 24 24"[31m

[2m Test Files [22m [1m[31m1 failed[39m[22m[90m (1)[39m
[2m      Tests [22m [1m[31m10 failed[39m[22m[2m | [22m[1m[32m22 passed[39m[22m[90m (32)[39m
[2m   Start at [22m 16:18:11
[2m   Duration [22m 10.23s[2m (transform 264ms, setup 125ms, import 619ms, tests 8.36s, environment 901ms)[22m

              [33mwidth[31m=[32m"24"[31m
              
[33mxmlns[31m=[32m"http://www.w3.org/2000/svg"[31m
            [36m>[31m
              [36m<path[31m
                [33md[31m=[32m"M18 6 6 18"[31m
              [36m/>[31m
              [36m<path[31m
                [33md[31m=[32m"m6 6 12 12"[31m
              [36m/>[31m
            [36m</svg>[31m
          [36m</button>[31m
        [36m</div>[31m
        [36m<div[31m
          [33mstyle[31m=[32m"padding: 1.5rem; 
overflow-y: auto; flex: 1 1 0%;"[31m
        [36m>[31m
          [36m<div[31m
            [33mstyle[31m=[32m"text-align: center; 
padding: 3rem 0px; color: rgb(102, 102, 102);"[31m
          [36m>[31m
            [36m<p>[31m
              [0mYour bowl is empty ≡ƒÑú[0m
            [36m</p>[31m
            [36m<button[31m
              [33mstyle[31m=[32m"color: 
var(--dark); text-decoration: underline; font-size: 
0.9rem; margin-top: 0.5rem;"[31m
            [36m>[31m
              [0mStart Ordering[0m
            [36m</button>[31m
          [36m</div>[31m
        [36m</div>[31m
      [36m</div>[31m
    [36m</div>[31m
    [36m<div[31m
      [33mdata-testid[31m=[32m"upsell-modal"[31m
    [36m>[31m
      [36m<button>[31m
        [0mAdd Upsell[0m
      [36m</button>[31m
      [36m<button>[31m
        [0mSkip[0m
      [36m</button>[31m
    [36m</div>[31m
  [36m</div>[31m
[36m</body>[31m[39m
[90m [2mΓ¥»[22m Object.getElementError node_modules/
@testing-library/dom/dist/config.js:[2m37:19[22m[39m
[90m [2mΓ¥»[22m node_modules/@testing-library/dom/di
st/query-helpers.js:[2m76:38[22m[39m
[90m [2mΓ¥»[22m node_modules/@testing-library/dom/di
st/query-helpers.js:[2m52:17[22m[39m
[90m [2mΓ¥»[22m node_modules/@testing-library/dom/di
st/query-helpers.js:[2m95:19[22m[39m
[36m [2mΓ¥»[22m src/components/__tests__/CartModal.t
est.jsx:[2m558:36[22m[39m
    [90m556| [39m            
[34mrender[39m([33m<[39m[33mCartModal[39m 
[33m/[39m[33m>[39m)[33m;[39m
    [90m557| [39m
    [90m558| [39m            fireEvent[33m.[39m[34
mclick[39m(screen[33m.[39m[34mgetByText[39m([36m/
Proceed to Checkout/i[39m))[33m;[39m
    [90m   | [39m                                   
[31m^[39m
    [90m559| [39m
    [90m560| [39m            const phoneInput = 
screen.getByPlaceholderText(/9876543210ΓÇª

[31m[2mΓÄ»ΓÄ»ΓÄ»ΓÄ»ΓÄ»ΓÄ»ΓÄ»ΓÄ»ΓÄ»ΓÄ»ΓÄ»ΓÄ»ΓÄ»ΓÄ»ΓÄ»Γ
Ä»ΓÄ»ΓÄ»ΓÄ»ΓÄ»ΓÄ»ΓÄ»[10/10]ΓÄ»[22m[39m

